[2025-08-15 11:46:49] ===== Sync started for iblock type 'content' =====
[2025-08-15 11:46:49] Iblock 'infrastructure' (ID 1): 0 images processed.
[2025-08-15 11:46:49] Iblock 'location' (ID 2): 0 images processed.
[2025-08-15 11:46:49] Iblock 'villas' (ID 3): 0 images processed.
[2025-08-15 11:46:49] Iblock 'muttiGuide' (ID 4): 12 images processed.
[2025-08-15 11:46:49] Iblock 'about' (ID 5): 0 images processed.
[2025-08-15 11:46:49] Iblock 'home' (ID 6): 6 images processed.
[2025-08-15 11:46:49] ===== Sync finished =====
[2025-08-15 11:47:18] ===== Sync started for iblock type 'content' =====
[2025-08-15 11:47:18] Iblock 'infrastructure' (ID 1): 0 images processed.
[2025-08-15 11:47:18] Iblock 'location' (ID 2): 0 images processed.
[2025-08-15 11:47:18] Iblock 'villas' (ID 3): 0 images processed.
[2025-08-15 11:47:18] Copied: /upload/iblock/3c4/odb3w6plw5powzxy6j4ghjkicgf6gzey.jpg → /var/www/html/local/assets/assets/images/generated/muttiGuide/odb3w6plw5powzxy6j4ghjkicgf6gzey.jpg
[2025-08-15 11:47:18] Created WebP: /var/www/html/local/assets/assets/images/generated/muttiGuide/odb3w6plw5powzxy6j4ghjkicgf6gzey.webp
[2025-08-15 11:47:18] Copied: /upload/iblock/390/so0rzk744agdt9dij3nqcmyldccm3fj2.jpg → /var/www/html/local/assets/assets/images/generated/muttiGuide/so0rzk744agdt9dij3nqcmyldccm3fj2.jpg
[2025-08-15 11:47:18] Created WebP: /var/www/html/local/assets/assets/images/generated/muttiGuide/so0rzk744agdt9dij3nqcmyldccm3fj2.webp
[2025-08-15 11:47:18] Copied: /upload/iblock/35c/u4j3135zij76qj1qbee46tovdga7ig2z.jpg → /var/www/html/local/assets/assets/images/generated/muttiGuide/u4j3135zij76qj1qbee46tovdga7ig2z.jpg
[2025-08-15 11:47:19] Created WebP: /var/www/html/local/assets/assets/images/generated/muttiGuide/u4j3135zij76qj1qbee46tovdga7ig2z.webp
[2025-08-15 11:47:19] Copied: /upload/iblock/e12/1lphso30w0o0wkt2s86lyhuhf9rklq1l.jpg → /var/www/html/local/assets/assets/images/generated/muttiGuide/1lphso30w0o0wkt2s86lyhuhf9rklq1l.jpg
[2025-08-15 11:47:19] Created WebP: /var/www/html/local/assets/assets/images/generated/muttiGuide/1lphso30w0o0wkt2s86lyhuhf9rklq1l.webp
[2025-08-15 11:47:19] Copied: /upload/iblock/bec/bpkasp5fp15uwuat52w4mhx0szx48mdv.jpg → /var/www/html/local/assets/assets/images/generated/muttiGuide/bpkasp5fp15uwuat52w4mhx0szx48mdv.jpg
[2025-08-15 11:47:19] Created WebP: /var/www/html/local/assets/assets/images/generated/muttiGuide/bpkasp5fp15uwuat52w4mhx0szx48mdv.webp
[2025-08-15 11:47:19] Copied: /upload/iblock/b88/w11z0z78wi3ipk9edgnhktu13ivtewwv.jpg → /var/www/html/local/assets/assets/images/generated/muttiGuide/w11z0z78wi3ipk9edgnhktu13ivtewwv.jpg
[2025-08-15 11:47:19] Created WebP: /var/www/html/local/assets/assets/images/generated/muttiGuide/w11z0z78wi3ipk9edgnhktu13ivtewwv.webp
[2025-08-15 11:47:19] Copied: /upload/iblock/1bc/3f0y4y620i499rbktc3i97iqg61dsfxe.jpg → /var/www/html/local/assets/assets/images/generated/muttiGuide/3f0y4y620i499rbktc3i97iqg61dsfxe.jpg
[2025-08-15 11:47:19] Created WebP: /var/www/html/local/assets/assets/images/generated/muttiGuide/3f0y4y620i499rbktc3i97iqg61dsfxe.webp
[2025-08-15 11:47:19] Copied: /upload/iblock/d8c/5anp5l5lvgfosbcnypz9fk4qgfyen3ye.jpg → /var/www/html/local/assets/assets/images/generated/muttiGuide/5anp5l5lvgfosbcnypz9fk4qgfyen3ye.jpg
[2025-08-15 11:47:19] Created WebP: /var/www/html/local/assets/assets/images/generated/muttiGuide/5anp5l5lvgfosbcnypz9fk4qgfyen3ye.webp
[2025-08-15 11:47:19] Copied: /upload/iblock/96f/mfbzhm86pvd70j3m0a70cm089hppv0kx.jpg → /var/www/html/local/assets/assets/images/generated/muttiGuide/mfbzhm86pvd70j3m0a70cm089hppv0kx.jpg
[2025-08-15 11:47:20] Created WebP: /var/www/html/local/assets/assets/images/generated/muttiGuide/mfbzhm86pvd70j3m0a70cm089hppv0kx.webp
[2025-08-15 11:47:20] Copied: /upload/iblock/0d0/kc4ar83qvmqsnkitfx3c6nujtad0mbru.jpg → /var/www/html/local/assets/assets/images/generated/muttiGuide/kc4ar83qvmqsnkitfx3c6nujtad0mbru.jpg
[2025-08-15 11:47:20] Created WebP: /var/www/html/local/assets/assets/images/generated/muttiGuide/kc4ar83qvmqsnkitfx3c6nujtad0mbru.webp
[2025-08-15 11:47:20] Copied: /upload/iblock/6d9/vl3t0m241u3eepc5wbciofggl0qstuvw.jpg → /var/www/html/local/assets/assets/images/generated/muttiGuide/vl3t0m241u3eepc5wbciofggl0qstuvw.jpg
[2025-08-15 11:47:20] Created WebP: /var/www/html/local/assets/assets/images/generated/muttiGuide/vl3t0m241u3eepc5wbciofggl0qstuvw.webp
[2025-08-15 11:47:20] Iblock 'muttiGuide' (ID 4): 12 images processed.
[2025-08-15 11:47:20] Iblock 'about' (ID 5): 0 images processed.
[2025-08-15 11:47:20] Copied: /upload/iblock/260/vov5ga5x47p5tm47zghhlbjjyjmz9n89.png → /var/www/html/local/assets/assets/images/generated/home/vov5ga5x47p5tm47zghhlbjjyjmz9n89.png
[2025-08-15 11:47:20] Created WebP: /var/www/html/local/assets/assets/images/generated/home/vov5ga5x47p5tm47zghhlbjjyjmz9n89.webp
[2025-08-15 11:47:20] Copied: /upload/iblock/cc3/es0fgh5222xz500uicv1ms9wwg13e5py.png → /var/www/html/local/assets/assets/images/generated/home/es0fgh5222xz500uicv1ms9wwg13e5py.png
[2025-08-15 11:47:20] Created WebP: /var/www/html/local/assets/assets/images/generated/home/es0fgh5222xz500uicv1ms9wwg13e5py.webp
[2025-08-15 11:47:20] Copied: /upload/iblock/84c/mg9xjfr8q7pvqjnmb8lezy9iqbau5ty6.png → /var/www/html/local/assets/assets/images/generated/home/mg9xjfr8q7pvqjnmb8lezy9iqbau5ty6.png
[2025-08-15 11:47:20] Created WebP: /var/www/html/local/assets/assets/images/generated/home/mg9xjfr8q7pvqjnmb8lezy9iqbau5ty6.webp
[2025-08-15 11:47:20] Copied: /upload/iblock/d3f/rqx2fo429fmrhbye3ufwksli8dlvrjx7.png → /var/www/html/local/assets/assets/images/generated/home/rqx2fo429fmrhbye3ufwksli8dlvrjx7.png
[2025-08-15 11:47:20] Created WebP: /var/www/html/local/assets/assets/images/generated/home/rqx2fo429fmrhbye3ufwksli8dlvrjx7.webp
[2025-08-15 11:47:20] Copied: /upload/iblock/c06/6p2knf3nte9dxzjk1pkz0bkmhzgkkl7b.png → /var/www/html/local/assets/assets/images/generated/home/6p2knf3nte9dxzjk1pkz0bkmhzgkkl7b.png
[2025-08-15 11:47:20] Created WebP: /var/www/html/local/assets/assets/images/generated/home/6p2knf3nte9dxzjk1pkz0bkmhzgkkl7b.webp
[2025-08-15 11:47:20] Copied: /upload/iblock/74e/x035z398078gbkjofmr319bbb0xxu7u4.png → /var/www/html/local/assets/assets/images/generated/home/x035z398078gbkjofmr319bbb0xxu7u4.png
[2025-08-15 11:47:20] Created WebP: /var/www/html/local/assets/assets/images/generated/home/x035z398078gbkjofmr319bbb0xxu7u4.webp
[2025-08-15 11:47:20] Iblock 'home' (ID 6): 6 images processed.
[2025-08-15 11:47:20] ===== Sync finished =====
[2025-08-15 12:21:49] ===== Sync started for iblock type 'content' =====
[2025-08-15 12:21:49] Iblock 'infrastructure' (ID 1): 0 images processed.
[2025-08-15 12:21:49] Iblock 'location' (ID 2): 0 images processed.
[2025-08-15 12:21:49] Iblock 'villas' (ID 3): 0 images processed.
[2025-08-15 12:21:49] Copied: /upload/iblock/3c4/odb3w6plw5powzxy6j4ghjkicgf6gzey.jpg → /var/www/html/local/assets/assets/images/generated/muttiGuide/odb3w6plw5powzxy6j4ghjkicgf6gzey.jpg
[2025-08-15 12:21:49] Created WebP: /var/www/html/local/assets/assets/images/generated/muttiGuide/odb3w6plw5powzxy6j4ghjkicgf6gzey.webp
[2025-08-15 12:21:49] Copied: /upload/iblock/390/so0rzk744agdt9dij3nqcmyldccm3fj2.jpg → /var/www/html/local/assets/assets/images/generated/muttiGuide/so0rzk744agdt9dij3nqcmyldccm3fj2.jpg
[2025-08-15 12:21:49] Created WebP: /var/www/html/local/assets/assets/images/generated/muttiGuide/so0rzk744agdt9dij3nqcmyldccm3fj2.webp
[2025-08-15 12:21:49] Copied: /upload/iblock/35c/u4j3135zij76qj1qbee46tovdga7ig2z.jpg → /var/www/html/local/assets/assets/images/generated/muttiGuide/u4j3135zij76qj1qbee46tovdga7ig2z.jpg
[2025-08-15 12:21:49] Created WebP: /var/www/html/local/assets/assets/images/generated/muttiGuide/u4j3135zij76qj1qbee46tovdga7ig2z.webp
[2025-08-15 12:21:49] Copied: /upload/iblock/e12/1lphso30w0o0wkt2s86lyhuhf9rklq1l.jpg → /var/www/html/local/assets/assets/images/generated/muttiGuide/1lphso30w0o0wkt2s86lyhuhf9rklq1l.jpg
[2025-08-15 12:21:49] Created WebP: /var/www/html/local/assets/assets/images/generated/muttiGuide/1lphso30w0o0wkt2s86lyhuhf9rklq1l.webp
[2025-08-15 12:21:49] Copied: /upload/iblock/bec/bpkasp5fp15uwuat52w4mhx0szx48mdv.jpg → /var/www/html/local/assets/assets/images/generated/muttiGuide/bpkasp5fp15uwuat52w4mhx0szx48mdv.jpg
[2025-08-15 12:21:50] Created WebP: /var/www/html/local/assets/assets/images/generated/muttiGuide/bpkasp5fp15uwuat52w4mhx0szx48mdv.webp
[2025-08-15 12:21:50] Copied: /upload/iblock/b88/w11z0z78wi3ipk9edgnhktu13ivtewwv.jpg → /var/www/html/local/assets/assets/images/generated/muttiGuide/w11z0z78wi3ipk9edgnhktu13ivtewwv.jpg
[2025-08-15 12:21:50] Created WebP: /var/www/html/local/assets/assets/images/generated/muttiGuide/w11z0z78wi3ipk9edgnhktu13ivtewwv.webp
[2025-08-15 12:21:50] Copied: /upload/iblock/1bc/3f0y4y620i499rbktc3i97iqg61dsfxe.jpg → /var/www/html/local/assets/assets/images/generated/muttiGuide/3f0y4y620i499rbktc3i97iqg61dsfxe.jpg
[2025-08-15 12:21:50] Created WebP: /var/www/html/local/assets/assets/images/generated/muttiGuide/3f0y4y620i499rbktc3i97iqg61dsfxe.webp
[2025-08-15 12:21:50] Copied: /upload/iblock/d8c/5anp5l5lvgfosbcnypz9fk4qgfyen3ye.jpg → /var/www/html/local/assets/assets/images/generated/muttiGuide/5anp5l5lvgfosbcnypz9fk4qgfyen3ye.jpg
[2025-08-15 12:21:50] Created WebP: /var/www/html/local/assets/assets/images/generated/muttiGuide/5anp5l5lvgfosbcnypz9fk4qgfyen3ye.webp
[2025-08-15 12:21:50] Copied: /upload/iblock/96f/mfbzhm86pvd70j3m0a70cm089hppv0kx.jpg → /var/www/html/local/assets/assets/images/generated/muttiGuide/mfbzhm86pvd70j3m0a70cm089hppv0kx.jpg
[2025-08-15 12:21:50] Created WebP: /var/www/html/local/assets/assets/images/generated/muttiGuide/mfbzhm86pvd70j3m0a70cm089hppv0kx.webp
[2025-08-15 12:21:50] Copied: /upload/iblock/0d0/kc4ar83qvmqsnkitfx3c6nujtad0mbru.jpg → /var/www/html/local/assets/assets/images/generated/muttiGuide/kc4ar83qvmqsnkitfx3c6nujtad0mbru.jpg
[2025-08-15 12:21:50] Created WebP: /var/www/html/local/assets/assets/images/generated/muttiGuide/kc4ar83qvmqsnkitfx3c6nujtad0mbru.webp
[2025-08-15 12:21:50] Copied: /upload/iblock/6d9/vl3t0m241u3eepc5wbciofggl0qstuvw.jpg → /var/www/html/local/assets/assets/images/generated/muttiGuide/vl3t0m241u3eepc5wbciofggl0qstuvw.jpg
[2025-08-15 12:21:50] Created WebP: /var/www/html/local/assets/assets/images/generated/muttiGuide/vl3t0m241u3eepc5wbciofggl0qstuvw.webp
[2025-08-15 12:21:50] Iblock 'muttiGuide' (ID 4): 12 images processed.
[2025-08-15 12:21:50] Iblock 'about' (ID 5): 0 images processed.
[2025-08-15 12:21:50] Copied: /upload/iblock/260/vov5ga5x47p5tm47zghhlbjjyjmz9n89.png → /var/www/html/local/assets/assets/images/generated/home/vov5ga5x47p5tm47zghhlbjjyjmz9n89.png
[2025-08-15 12:21:50] Created WebP: /var/www/html/local/assets/assets/images/generated/home/vov5ga5x47p5tm47zghhlbjjyjmz9n89.webp
[2025-08-15 12:21:50] Copied: /upload/iblock/cc3/es0fgh5222xz500uicv1ms9wwg13e5py.png → /var/www/html/local/assets/assets/images/generated/home/es0fgh5222xz500uicv1ms9wwg13e5py.png
[2025-08-15 12:21:50] Created WebP: /var/www/html/local/assets/assets/images/generated/home/es0fgh5222xz500uicv1ms9wwg13e5py.webp
[2025-08-15 12:21:50] Copied: /upload/iblock/84c/mg9xjfr8q7pvqjnmb8lezy9iqbau5ty6.png → /var/www/html/local/assets/assets/images/generated/home/mg9xjfr8q7pvqjnmb8lezy9iqbau5ty6.png
[2025-08-15 12:21:50] Created WebP: /var/www/html/local/assets/assets/images/generated/home/mg9xjfr8q7pvqjnmb8lezy9iqbau5ty6.webp
[2025-08-15 12:21:50] Copied: /upload/iblock/d3f/rqx2fo429fmrhbye3ufwksli8dlvrjx7.png → /var/www/html/local/assets/assets/images/generated/home/rqx2fo429fmrhbye3ufwksli8dlvrjx7.png
[2025-08-15 12:21:50] Created WebP: /var/www/html/local/assets/assets/images/generated/home/rqx2fo429fmrhbye3ufwksli8dlvrjx7.webp
[2025-08-15 12:21:50] Copied: /upload/iblock/c06/6p2knf3nte9dxzjk1pkz0bkmhzgkkl7b.png → /var/www/html/local/assets/assets/images/generated/home/6p2knf3nte9dxzjk1pkz0bkmhzgkkl7b.png
[2025-08-15 12:21:50] Created WebP: /var/www/html/local/assets/assets/images/generated/home/6p2knf3nte9dxzjk1pkz0bkmhzgkkl7b.webp
[2025-08-15 12:21:50] Copied: /upload/iblock/74e/x035z398078gbkjofmr319bbb0xxu7u4.png → /var/www/html/local/assets/assets/images/generated/home/x035z398078gbkjofmr319bbb0xxu7u4.png
[2025-08-15 12:21:50] Created WebP: /var/www/html/local/assets/assets/images/generated/home/x035z398078gbkjofmr319bbb0xxu7u4.webp
[2025-08-15 12:21:50] Iblock 'home' (ID 6): 6 images processed.
[2025-08-15 12:21:50] ===== Sync finished =====
[2025-08-20 16:38:51] ===== Sync started for iblock type 'content' =====
[2025-08-20 16:38:51] Iblock 'infrastructure' (ID 1): 0 images processed.
[2025-08-20 16:38:51] Iblock 'location' (ID 2): 0 images processed.
[2025-08-20 16:38:51] Iblock 'villas' (ID 3): 0 images processed.
[2025-08-20 16:38:51] Copied: /upload/iblock/3c4/odb3w6plw5powzxy6j4ghjkicgf6gzey.jpg → /var/www/html/local/assets/assets/images/generated/muttiGuide/odb3w6plw5powzxy6j4ghjkicgf6gzey.jpg
[2025-08-20 16:38:51] Created WebP: /var/www/html/local/assets/assets/images/generated/muttiGuide/odb3w6plw5powzxy6j4ghjkicgf6gzey.webp
[2025-08-20 16:38:51] Copied: /upload/iblock/390/so0rzk744agdt9dij3nqcmyldccm3fj2.jpg → /var/www/html/local/assets/assets/images/generated/muttiGuide/so0rzk744agdt9dij3nqcmyldccm3fj2.jpg
[2025-08-20 16:38:51] Created WebP: /var/www/html/local/assets/assets/images/generated/muttiGuide/so0rzk744agdt9dij3nqcmyldccm3fj2.webp
[2025-08-20 16:38:51] Copied: /upload/iblock/35c/u4j3135zij76qj1qbee46tovdga7ig2z.jpg → /var/www/html/local/assets/assets/images/generated/muttiGuide/u4j3135zij76qj1qbee46tovdga7ig2z.jpg
[2025-08-20 16:38:51] Created WebP: /var/www/html/local/assets/assets/images/generated/muttiGuide/u4j3135zij76qj1qbee46tovdga7ig2z.webp
[2025-08-20 16:38:51] Copied: /upload/iblock/e12/1lphso30w0o0wkt2s86lyhuhf9rklq1l.jpg → /var/www/html/local/assets/assets/images/generated/muttiGuide/1lphso30w0o0wkt2s86lyhuhf9rklq1l.jpg
[2025-08-20 16:38:52] Created WebP: /var/www/html/local/assets/assets/images/generated/muttiGuide/1lphso30w0o0wkt2s86lyhuhf9rklq1l.webp
[2025-08-20 16:38:52] Copied: /upload/iblock/bec/bpkasp5fp15uwuat52w4mhx0szx48mdv.jpg → /var/www/html/local/assets/assets/images/generated/muttiGuide/bpkasp5fp15uwuat52w4mhx0szx48mdv.jpg
[2025-08-20 16:38:52] Created WebP: /var/www/html/local/assets/assets/images/generated/muttiGuide/bpkasp5fp15uwuat52w4mhx0szx48mdv.webp
[2025-08-20 16:38:52] Copied: /upload/iblock/b88/w11z0z78wi3ipk9edgnhktu13ivtewwv.jpg → /var/www/html/local/assets/assets/images/generated/muttiGuide/w11z0z78wi3ipk9edgnhktu13ivtewwv.jpg
[2025-08-20 16:38:52] Created WebP: /var/www/html/local/assets/assets/images/generated/muttiGuide/w11z0z78wi3ipk9edgnhktu13ivtewwv.webp
[2025-08-20 16:38:52] Copied: /upload/iblock/1bc/3f0y4y620i499rbktc3i97iqg61dsfxe.jpg → /var/www/html/local/assets/assets/images/generated/muttiGuide/3f0y4y620i499rbktc3i97iqg61dsfxe.jpg
[2025-08-20 16:38:52] Created WebP: /var/www/html/local/assets/assets/images/generated/muttiGuide/3f0y4y620i499rbktc3i97iqg61dsfxe.webp
[2025-08-20 16:38:52] Copied: /upload/iblock/d8c/5anp5l5lvgfosbcnypz9fk4qgfyen3ye.jpg → /var/www/html/local/assets/assets/images/generated/muttiGuide/5anp5l5lvgfosbcnypz9fk4qgfyen3ye.jpg
[2025-08-20 16:38:52] Created WebP: /var/www/html/local/assets/assets/images/generated/muttiGuide/5anp5l5lvgfosbcnypz9fk4qgfyen3ye.webp
[2025-08-20 16:38:52] Copied: /upload/iblock/96f/mfbzhm86pvd70j3m0a70cm089hppv0kx.jpg → /var/www/html/local/assets/assets/images/generated/muttiGuide/mfbzhm86pvd70j3m0a70cm089hppv0kx.jpg
[2025-08-20 16:38:52] Created WebP: /var/www/html/local/assets/assets/images/generated/muttiGuide/mfbzhm86pvd70j3m0a70cm089hppv0kx.webp
[2025-08-20 16:38:52] Copied: /upload/iblock/0d0/kc4ar83qvmqsnkitfx3c6nujtad0mbru.jpg → /var/www/html/local/assets/assets/images/generated/muttiGuide/kc4ar83qvmqsnkitfx3c6nujtad0mbru.jpg
[2025-08-20 16:38:52] Created WebP: /var/www/html/local/assets/assets/images/generated/muttiGuide/kc4ar83qvmqsnkitfx3c6nujtad0mbru.webp
[2025-08-20 16:38:52] Copied: /upload/iblock/6d9/vl3t0m241u3eepc5wbciofggl0qstuvw.jpg → /var/www/html/local/assets/assets/images/generated/muttiGuide/vl3t0m241u3eepc5wbciofggl0qstuvw.jpg
[2025-08-20 16:38:52] Created WebP: /var/www/html/local/assets/assets/images/generated/muttiGuide/vl3t0m241u3eepc5wbciofggl0qstuvw.webp
[2025-08-20 16:38:52] Iblock 'muttiGuide' (ID 4): 12 images processed.
[2025-08-20 16:38:52] Iblock 'about' (ID 5): 0 images processed.
[2025-08-20 16:38:52] Copied: /upload/iblock/260/vov5ga5x47p5tm47zghhlbjjyjmz9n89.png → /var/www/html/local/assets/assets/images/generated/home/vov5ga5x47p5tm47zghhlbjjyjmz9n89.png
[2025-08-20 16:38:52] Created WebP: /var/www/html/local/assets/assets/images/generated/home/vov5ga5x47p5tm47zghhlbjjyjmz9n89.webp
[2025-08-20 16:38:52] Copied: /upload/iblock/cc3/es0fgh5222xz500uicv1ms9wwg13e5py.png → /var/www/html/local/assets/assets/images/generated/home/es0fgh5222xz500uicv1ms9wwg13e5py.png
[2025-08-20 16:38:52] Created WebP: /var/www/html/local/assets/assets/images/generated/home/es0fgh5222xz500uicv1ms9wwg13e5py.webp
[2025-08-20 16:38:52] Copied: /upload/iblock/84c/mg9xjfr8q7pvqjnmb8lezy9iqbau5ty6.png → /var/www/html/local/assets/assets/images/generated/home/mg9xjfr8q7pvqjnmb8lezy9iqbau5ty6.png
[2025-08-20 16:38:52] Created WebP: /var/www/html/local/assets/assets/images/generated/home/mg9xjfr8q7pvqjnmb8lezy9iqbau5ty6.webp
[2025-08-20 16:38:52] Copied: /upload/iblock/d3f/rqx2fo429fmrhbye3ufwksli8dlvrjx7.png → /var/www/html/local/assets/assets/images/generated/home/rqx2fo429fmrhbye3ufwksli8dlvrjx7.png
[2025-08-20 16:38:52] Created WebP: /var/www/html/local/assets/assets/images/generated/home/rqx2fo429fmrhbye3ufwksli8dlvrjx7.webp
[2025-08-20 16:38:52] Copied: /upload/iblock/c06/6p2knf3nte9dxzjk1pkz0bkmhzgkkl7b.png → /var/www/html/local/assets/assets/images/generated/home/6p2knf3nte9dxzjk1pkz0bkmhzgkkl7b.png
[2025-08-20 16:38:52] Created WebP: /var/www/html/local/assets/assets/images/generated/home/6p2knf3nte9dxzjk1pkz0bkmhzgkkl7b.webp
[2025-08-20 16:38:52] Copied: /upload/iblock/74e/x035z398078gbkjofmr319bbb0xxu7u4.png → /var/www/html/local/assets/assets/images/generated/home/x035z398078gbkjofmr319bbb0xxu7u4.png
[2025-08-20 16:38:52] Created WebP: /var/www/html/local/assets/assets/images/generated/home/x035z398078gbkjofmr319bbb0xxu7u4.webp
[2025-08-20 16:38:52] Iblock 'home' (ID 6): 6 images processed.
[2025-08-20 16:38:52] ===== Sync finished =====
[2025-08-20 17:00:22] ===== Sync started for iblock type 'content' =====
[2025-08-20 17:00:22] Iblock 'infrastructure' (ID 1): 0 images processed.
[2025-08-20 17:00:22] Iblock 'location' (ID 2): 0 images processed.
[2025-08-20 17:00:22] Iblock 'villas' (ID 3): 0 images processed.
[2025-08-20 17:00:22] Copied: /upload/iblock/3c4/odb3w6plw5powzxy6j4ghjkicgf6gzey.jpg → /var/www/html/local/assets/assets/images/generated/muttiGuide/odb3w6plw5powzxy6j4ghjkicgf6gzey.jpg
[2025-08-20 17:00:22] Created WebP: /var/www/html/local/assets/assets/images/generated/muttiGuide/odb3w6plw5powzxy6j4ghjkicgf6gzey.webp
[2025-08-20 17:00:22] Copied: /upload/iblock/390/so0rzk744agdt9dij3nqcmyldccm3fj2.jpg → /var/www/html/local/assets/assets/images/generated/muttiGuide/so0rzk744agdt9dij3nqcmyldccm3fj2.jpg
[2025-08-20 17:00:22] Created WebP: /var/www/html/local/assets/assets/images/generated/muttiGuide/so0rzk744agdt9dij3nqcmyldccm3fj2.webp
[2025-08-20 17:00:22] Copied: /upload/iblock/35c/u4j3135zij76qj1qbee46tovdga7ig2z.jpg → /var/www/html/local/assets/assets/images/generated/muttiGuide/u4j3135zij76qj1qbee46tovdga7ig2z.jpg
[2025-08-20 17:00:22] Created WebP: /var/www/html/local/assets/assets/images/generated/muttiGuide/u4j3135zij76qj1qbee46tovdga7ig2z.webp
[2025-08-20 17:00:22] Copied: /upload/iblock/e12/1lphso30w0o0wkt2s86lyhuhf9rklq1l.jpg → /var/www/html/local/assets/assets/images/generated/muttiGuide/1lphso30w0o0wkt2s86lyhuhf9rklq1l.jpg
[2025-08-20 17:00:22] Created WebP: /var/www/html/local/assets/assets/images/generated/muttiGuide/1lphso30w0o0wkt2s86lyhuhf9rklq1l.webp
[2025-08-20 17:00:22] Copied: /upload/iblock/bec/bpkasp5fp15uwuat52w4mhx0szx48mdv.jpg → /var/www/html/local/assets/assets/images/generated/muttiGuide/bpkasp5fp15uwuat52w4mhx0szx48mdv.jpg
[2025-08-20 17:00:23] Created WebP: /var/www/html/local/assets/assets/images/generated/muttiGuide/bpkasp5fp15uwuat52w4mhx0szx48mdv.webp
[2025-08-20 17:00:23] Copied: /upload/iblock/b88/w11z0z78wi3ipk9edgnhktu13ivtewwv.jpg → /var/www/html/local/assets/assets/images/generated/muttiGuide/w11z0z78wi3ipk9edgnhktu13ivtewwv.jpg
[2025-08-20 17:00:23] Created WebP: /var/www/html/local/assets/assets/images/generated/muttiGuide/w11z0z78wi3ipk9edgnhktu13ivtewwv.webp
[2025-08-20 17:00:23] Copied: /upload/iblock/1bc/3f0y4y620i499rbktc3i97iqg61dsfxe.jpg → /var/www/html/local/assets/assets/images/generated/muttiGuide/3f0y4y620i499rbktc3i97iqg61dsfxe.jpg
[2025-08-20 17:00:23] Created WebP: /var/www/html/local/assets/assets/images/generated/muttiGuide/3f0y4y620i499rbktc3i97iqg61dsfxe.webp
[2025-08-20 17:00:23] Copied: /upload/iblock/d8c/5anp5l5lvgfosbcnypz9fk4qgfyen3ye.jpg → /var/www/html/local/assets/assets/images/generated/muttiGuide/5anp5l5lvgfosbcnypz9fk4qgfyen3ye.jpg
[2025-08-20 17:00:23] Created WebP: /var/www/html/local/assets/assets/images/generated/muttiGuide/5anp5l5lvgfosbcnypz9fk4qgfyen3ye.webp
[2025-08-20 17:00:23] Copied: /upload/iblock/96f/mfbzhm86pvd70j3m0a70cm089hppv0kx.jpg → /var/www/html/local/assets/assets/images/generated/muttiGuide/mfbzhm86pvd70j3m0a70cm089hppv0kx.jpg
[2025-08-20 17:00:23] Created WebP: /var/www/html/local/assets/assets/images/generated/muttiGuide/mfbzhm86pvd70j3m0a70cm089hppv0kx.webp
[2025-08-20 17:00:23] Copied: /upload/iblock/0d0/kc4ar83qvmqsnkitfx3c6nujtad0mbru.jpg → /var/www/html/local/assets/assets/images/generated/muttiGuide/kc4ar83qvmqsnkitfx3c6nujtad0mbru.jpg
[2025-08-20 17:00:23] Created WebP: /var/www/html/local/assets/assets/images/generated/muttiGuide/kc4ar83qvmqsnkitfx3c6nujtad0mbru.webp
[2025-08-20 17:00:23] Copied: /upload/iblock/6d9/vl3t0m241u3eepc5wbciofggl0qstuvw.jpg → /var/www/html/local/assets/assets/images/generated/muttiGuide/vl3t0m241u3eepc5wbciofggl0qstuvw.jpg
[2025-08-20 17:00:23] Created WebP: /var/www/html/local/assets/assets/images/generated/muttiGuide/vl3t0m241u3eepc5wbciofggl0qstuvw.webp
[2025-08-20 17:00:23] Iblock 'muttiGuide' (ID 4): 12 images processed.
[2025-08-20 17:00:23] Iblock 'about' (ID 5): 0 images processed.
[2025-08-20 17:00:23] Copied: /upload/iblock/260/vov5ga5x47p5tm47zghhlbjjyjmz9n89.png → /var/www/html/local/assets/assets/images/generated/home/vov5ga5x47p5tm47zghhlbjjyjmz9n89.png
[2025-08-20 17:00:23] Created WebP: /var/www/html/local/assets/assets/images/generated/home/vov5ga5x47p5tm47zghhlbjjyjmz9n89.webp
[2025-08-20 17:00:23] Copied: /upload/iblock/cc3/es0fgh5222xz500uicv1ms9wwg13e5py.png → /var/www/html/local/assets/assets/images/generated/home/es0fgh5222xz500uicv1ms9wwg13e5py.png
[2025-08-20 17:00:23] Created WebP: /var/www/html/local/assets/assets/images/generated/home/es0fgh5222xz500uicv1ms9wwg13e5py.webp
[2025-08-20 17:00:23] Copied: /upload/iblock/84c/mg9xjfr8q7pvqjnmb8lezy9iqbau5ty6.png → /var/www/html/local/assets/assets/images/generated/home/mg9xjfr8q7pvqjnmb8lezy9iqbau5ty6.png
[2025-08-20 17:00:23] Created WebP: /var/www/html/local/assets/assets/images/generated/home/mg9xjfr8q7pvqjnmb8lezy9iqbau5ty6.webp
[2025-08-20 17:00:23] Copied: /upload/iblock/d3f/rqx2fo429fmrhbye3ufwksli8dlvrjx7.png → /var/www/html/local/assets/assets/images/generated/home/rqx2fo429fmrhbye3ufwksli8dlvrjx7.png
[2025-08-20 17:00:23] Created WebP: /var/www/html/local/assets/assets/images/generated/home/rqx2fo429fmrhbye3ufwksli8dlvrjx7.webp
[2025-08-20 17:00:23] Copied: /upload/iblock/c06/6p2knf3nte9dxzjk1pkz0bkmhzgkkl7b.png → /var/www/html/local/assets/assets/images/generated/home/6p2knf3nte9dxzjk1pkz0bkmhzgkkl7b.png
[2025-08-20 17:00:23] Created WebP: /var/www/html/local/assets/assets/images/generated/home/6p2knf3nte9dxzjk1pkz0bkmhzgkkl7b.webp
[2025-08-20 17:00:23] Copied: /upload/iblock/74e/x035z398078gbkjofmr319bbb0xxu7u4.png → /var/www/html/local/assets/assets/images/generated/home/x035z398078gbkjofmr319bbb0xxu7u4.png
[2025-08-20 17:00:23] Created WebP: /var/www/html/local/assets/assets/images/generated/home/x035z398078gbkjofmr319bbb0xxu7u4.webp
[2025-08-20 17:00:23] Iblock 'home' (ID 6): 6 images processed.
[2025-08-20 17:00:23] ===== Sync finished =====
[2025-08-20 17:06:14] ===== Sync started for iblock type 'content' =====
[2025-08-20 17:06:14] Iblock 'infrastructure' (ID 1): 0 images processed.
[2025-08-20 17:06:14] Iblock 'location' (ID 2): 0 images processed.
[2025-08-20 17:06:14] Iblock 'villas' (ID 3): 0 images processed.
[2025-08-20 17:06:14] Copied: /upload/iblock/3c4/odb3w6plw5powzxy6j4ghjkicgf6gzey.jpg → /var/www/html/local/assets/assets/images/generated/muttiGuide/odb3w6plw5powzxy6j4ghjkicgf6gzey.jpg
[2025-08-20 17:06:14] Created WebP: /var/www/html/local/assets/assets/images/generated/muttiGuide/odb3w6plw5powzxy6j4ghjkicgf6gzey.webp
[2025-08-20 17:06:14] Copied: /upload/iblock/390/so0rzk744agdt9dij3nqcmyldccm3fj2.jpg → /var/www/html/local/assets/assets/images/generated/muttiGuide/so0rzk744agdt9dij3nqcmyldccm3fj2.jpg
[2025-08-20 17:06:14] Created WebP: /var/www/html/local/assets/assets/images/generated/muttiGuide/so0rzk744agdt9dij3nqcmyldccm3fj2.webp
[2025-08-20 17:06:14] Copied: /upload/iblock/35c/u4j3135zij76qj1qbee46tovdga7ig2z.jpg → /var/www/html/local/assets/assets/images/generated/muttiGuide/u4j3135zij76qj1qbee46tovdga7ig2z.jpg
[2025-08-20 17:06:14] Created WebP: /var/www/html/local/assets/assets/images/generated/muttiGuide/u4j3135zij76qj1qbee46tovdga7ig2z.webp
[2025-08-20 17:06:14] Copied: /upload/iblock/e12/1lphso30w0o0wkt2s86lyhuhf9rklq1l.jpg → /var/www/html/local/assets/assets/images/generated/muttiGuide/1lphso30w0o0wkt2s86lyhuhf9rklq1l.jpg
[2025-08-20 17:06:14] Created WebP: /var/www/html/local/assets/assets/images/generated/muttiGuide/1lphso30w0o0wkt2s86lyhuhf9rklq1l.webp
[2025-08-20 17:06:14] Copied: /upload/iblock/bec/bpkasp5fp15uwuat52w4mhx0szx48mdv.jpg → /var/www/html/local/assets/assets/images/generated/muttiGuide/bpkasp5fp15uwuat52w4mhx0szx48mdv.jpg
[2025-08-20 17:06:15] Created WebP: /var/www/html/local/assets/assets/images/generated/muttiGuide/bpkasp5fp15uwuat52w4mhx0szx48mdv.webp
[2025-08-20 17:06:15] Copied: /upload/iblock/b88/w11z0z78wi3ipk9edgnhktu13ivtewwv.jpg → /var/www/html/local/assets/assets/images/generated/muttiGuide/w11z0z78wi3ipk9edgnhktu13ivtewwv.jpg
[2025-08-20 17:06:15] Created WebP: /var/www/html/local/assets/assets/images/generated/muttiGuide/w11z0z78wi3ipk9edgnhktu13ivtewwv.webp
[2025-08-20 17:06:15] Copied: /upload/iblock/1bc/3f0y4y620i499rbktc3i97iqg61dsfxe.jpg → /var/www/html/local/assets/assets/images/generated/muttiGuide/3f0y4y620i499rbktc3i97iqg61dsfxe.jpg
[2025-08-20 17:06:15] Created WebP: /var/www/html/local/assets/assets/images/generated/muttiGuide/3f0y4y620i499rbktc3i97iqg61dsfxe.webp
[2025-08-20 17:06:15] Copied: /upload/iblock/d8c/5anp5l5lvgfosbcnypz9fk4qgfyen3ye.jpg → /var/www/html/local/assets/assets/images/generated/muttiGuide/5anp5l5lvgfosbcnypz9fk4qgfyen3ye.jpg
[2025-08-20 17:06:15] Created WebP: /var/www/html/local/assets/assets/images/generated/muttiGuide/5anp5l5lvgfosbcnypz9fk4qgfyen3ye.webp
[2025-08-20 17:06:15] Copied: /upload/iblock/96f/mfbzhm86pvd70j3m0a70cm089hppv0kx.jpg → /var/www/html/local/assets/assets/images/generated/muttiGuide/mfbzhm86pvd70j3m0a70cm089hppv0kx.jpg
[2025-08-20 17:06:15] Created WebP: /var/www/html/local/assets/assets/images/generated/muttiGuide/mfbzhm86pvd70j3m0a70cm089hppv0kx.webp
[2025-08-20 17:06:15] Copied: /upload/iblock/0d0/kc4ar83qvmqsnkitfx3c6nujtad0mbru.jpg → /var/www/html/local/assets/assets/images/generated/muttiGuide/kc4ar83qvmqsnkitfx3c6nujtad0mbru.jpg
[2025-08-20 17:06:15] Created WebP: /var/www/html/local/assets/assets/images/generated/muttiGuide/kc4ar83qvmqsnkitfx3c6nujtad0mbru.webp
[2025-08-20 17:06:15] Copied: /upload/iblock/6d9/vl3t0m241u3eepc5wbciofggl0qstuvw.jpg → /var/www/html/local/assets/assets/images/generated/muttiGuide/vl3t0m241u3eepc5wbciofggl0qstuvw.jpg
[2025-08-20 17:06:15] Created WebP: /var/www/html/local/assets/assets/images/generated/muttiGuide/vl3t0m241u3eepc5wbciofggl0qstuvw.webp
[2025-08-20 17:06:15] Iblock 'muttiGuide' (ID 4): 12 images processed.
[2025-08-20 17:06:15] Iblock 'about' (ID 5): 0 images processed.
[2025-08-20 17:06:15] Copied: /upload/iblock/260/vov5ga5x47p5tm47zghhlbjjyjmz9n89.png → /var/www/html/local/assets/assets/images/generated/home/vov5ga5x47p5tm47zghhlbjjyjmz9n89.png
[2025-08-20 17:06:15] Created WebP: /var/www/html/local/assets/assets/images/generated/home/vov5ga5x47p5tm47zghhlbjjyjmz9n89.webp
[2025-08-20 17:06:15] Copied: /upload/iblock/cc3/es0fgh5222xz500uicv1ms9wwg13e5py.png → /var/www/html/local/assets/assets/images/generated/home/es0fgh5222xz500uicv1ms9wwg13e5py.png
[2025-08-20 17:06:15] Created WebP: /var/www/html/local/assets/assets/images/generated/home/es0fgh5222xz500uicv1ms9wwg13e5py.webp
[2025-08-20 17:06:15] Copied: /upload/iblock/84c/mg9xjfr8q7pvqjnmb8lezy9iqbau5ty6.png → /var/www/html/local/assets/assets/images/generated/home/mg9xjfr8q7pvqjnmb8lezy9iqbau5ty6.png
[2025-08-20 17:06:15] Created WebP: /var/www/html/local/assets/assets/images/generated/home/mg9xjfr8q7pvqjnmb8lezy9iqbau5ty6.webp
[2025-08-20 17:06:15] Copied: /upload/iblock/d3f/rqx2fo429fmrhbye3ufwksli8dlvrjx7.png → /var/www/html/local/assets/assets/images/generated/home/rqx2fo429fmrhbye3ufwksli8dlvrjx7.png
[2025-08-20 17:06:15] Created WebP: /var/www/html/local/assets/assets/images/generated/home/rqx2fo429fmrhbye3ufwksli8dlvrjx7.webp
[2025-08-20 17:06:15] Copied: /upload/iblock/c06/6p2knf3nte9dxzjk1pkz0bkmhzgkkl7b.png → /var/www/html/local/assets/assets/images/generated/home/6p2knf3nte9dxzjk1pkz0bkmhzgkkl7b.png
[2025-08-20 17:06:15] Created WebP: /var/www/html/local/assets/assets/images/generated/home/6p2knf3nte9dxzjk1pkz0bkmhzgkkl7b.webp
[2025-08-20 17:06:15] Copied: /upload/iblock/74e/x035z398078gbkjofmr319bbb0xxu7u4.png → /var/www/html/local/assets/assets/images/generated/home/x035z398078gbkjofmr319bbb0xxu7u4.png
[2025-08-20 17:06:15] Created WebP: /var/www/html/local/assets/assets/images/generated/home/x035z398078gbkjofmr319bbb0xxu7u4.webp
[2025-08-20 17:06:15] Iblock 'home' (ID 6): 6 images processed.
[2025-08-20 17:06:15] ===== Sync finished =====
[2025-08-21 19:01:22] ===== Sync started for iblock type 'content' =====
[2025-08-21 19:01:22] Iblock 'infrastructure' (ID 1): 0 images processed.
[2025-08-21 19:01:22] Iblock 'location' (ID 2): 0 images processed.
[2025-08-21 19:01:22] Iblock 'villas' (ID 3): 0 images processed.
[2025-08-21 19:01:22] Copied: /upload/iblock/3c4/odb3w6plw5powzxy6j4ghjkicgf6gzey.jpg → /var/www/html/local/assets/assets/images/generated/muttiGuide/odb3w6plw5powzxy6j4ghjkicgf6gzey.jpg
[2025-08-21 19:01:22] Created WebP: /var/www/html/local/assets/assets/images/generated/muttiGuide/odb3w6plw5powzxy6j4ghjkicgf6gzey.webp
[2025-08-21 19:01:22] Copied: /upload/iblock/390/so0rzk744agdt9dij3nqcmyldccm3fj2.jpg → /var/www/html/local/assets/assets/images/generated/muttiGuide/so0rzk744agdt9dij3nqcmyldccm3fj2.jpg
[2025-08-21 19:01:22] Created WebP: /var/www/html/local/assets/assets/images/generated/muttiGuide/so0rzk744agdt9dij3nqcmyldccm3fj2.webp
[2025-08-21 19:01:22] Copied: /upload/iblock/35c/u4j3135zij76qj1qbee46tovdga7ig2z.jpg → /var/www/html/local/assets/assets/images/generated/muttiGuide/u4j3135zij76qj1qbee46tovdga7ig2z.jpg
[2025-08-21 19:01:22] Created WebP: /var/www/html/local/assets/assets/images/generated/muttiGuide/u4j3135zij76qj1qbee46tovdga7ig2z.webp
[2025-08-21 19:01:22] Copied: /upload/iblock/e12/1lphso30w0o0wkt2s86lyhuhf9rklq1l.jpg → /var/www/html/local/assets/assets/images/generated/muttiGuide/1lphso30w0o0wkt2s86lyhuhf9rklq1l.jpg
[2025-08-21 19:01:23] Created WebP: /var/www/html/local/assets/assets/images/generated/muttiGuide/1lphso30w0o0wkt2s86lyhuhf9rklq1l.webp
[2025-08-21 19:01:23] Copied: /upload/iblock/bec/bpkasp5fp15uwuat52w4mhx0szx48mdv.jpg → /var/www/html/local/assets/assets/images/generated/muttiGuide/bpkasp5fp15uwuat52w4mhx0szx48mdv.jpg
[2025-08-21 19:01:23] Created WebP: /var/www/html/local/assets/assets/images/generated/muttiGuide/bpkasp5fp15uwuat52w4mhx0szx48mdv.webp
[2025-08-21 19:01:23] Copied: /upload/iblock/b88/w11z0z78wi3ipk9edgnhktu13ivtewwv.jpg → /var/www/html/local/assets/assets/images/generated/muttiGuide/w11z0z78wi3ipk9edgnhktu13ivtewwv.jpg
[2025-08-21 19:01:23] Created WebP: /var/www/html/local/assets/assets/images/generated/muttiGuide/w11z0z78wi3ipk9edgnhktu13ivtewwv.webp
[2025-08-21 19:01:23] Copied: /upload/iblock/1bc/3f0y4y620i499rbktc3i97iqg61dsfxe.jpg → /var/www/html/local/assets/assets/images/generated/muttiGuide/3f0y4y620i499rbktc3i97iqg61dsfxe.jpg
[2025-08-21 19:01:23] Created WebP: /var/www/html/local/assets/assets/images/generated/muttiGuide/3f0y4y620i499rbktc3i97iqg61dsfxe.webp
[2025-08-21 19:01:23] Copied: /upload/iblock/d8c/5anp5l5lvgfosbcnypz9fk4qgfyen3ye.jpg → /var/www/html/local/assets/assets/images/generated/muttiGuide/5anp5l5lvgfosbcnypz9fk4qgfyen3ye.jpg
[2025-08-21 19:01:23] Created WebP: /var/www/html/local/assets/assets/images/generated/muttiGuide/5anp5l5lvgfosbcnypz9fk4qgfyen3ye.webp
[2025-08-21 19:01:23] Copied: /upload/iblock/96f/mfbzhm86pvd70j3m0a70cm089hppv0kx.jpg → /var/www/html/local/assets/assets/images/generated/muttiGuide/mfbzhm86pvd70j3m0a70cm089hppv0kx.jpg
[2025-08-21 19:01:23] Created WebP: /var/www/html/local/assets/assets/images/generated/muttiGuide/mfbzhm86pvd70j3m0a70cm089hppv0kx.webp
[2025-08-21 19:01:23] Copied: /upload/iblock/0d0/kc4ar83qvmqsnkitfx3c6nujtad0mbru.jpg → /var/www/html/local/assets/assets/images/generated/muttiGuide/kc4ar83qvmqsnkitfx3c6nujtad0mbru.jpg
[2025-08-21 19:01:23] Created WebP: /var/www/html/local/assets/assets/images/generated/muttiGuide/kc4ar83qvmqsnkitfx3c6nujtad0mbru.webp
[2025-08-21 19:01:23] Copied: /upload/iblock/6d9/vl3t0m241u3eepc5wbciofggl0qstuvw.jpg → /var/www/html/local/assets/assets/images/generated/muttiGuide/vl3t0m241u3eepc5wbciofggl0qstuvw.jpg
[2025-08-21 19:01:23] Created WebP: /var/www/html/local/assets/assets/images/generated/muttiGuide/vl3t0m241u3eepc5wbciofggl0qstuvw.webp
[2025-08-21 19:01:23] Iblock 'muttiGuide' (ID 4): 12 images processed.
[2025-08-21 19:01:23] Iblock 'about' (ID 5): 0 images processed.
[2025-08-21 19:01:23] Copied: /upload/iblock/260/vov5ga5x47p5tm47zghhlbjjyjmz9n89.png → /var/www/html/local/assets/assets/images/generated/home/vov5ga5x47p5tm47zghhlbjjyjmz9n89.png
[2025-08-21 19:01:23] Created WebP: /var/www/html/local/assets/assets/images/generated/home/vov5ga5x47p5tm47zghhlbjjyjmz9n89.webp
[2025-08-21 19:01:23] Copied: /upload/iblock/cc3/es0fgh5222xz500uicv1ms9wwg13e5py.png → /var/www/html/local/assets/assets/images/generated/home/es0fgh5222xz500uicv1ms9wwg13e5py.png
[2025-08-21 19:01:23] Created WebP: /var/www/html/local/assets/assets/images/generated/home/es0fgh5222xz500uicv1ms9wwg13e5py.webp
[2025-08-21 19:01:23] Copied: /upload/iblock/84c/mg9xjfr8q7pvqjnmb8lezy9iqbau5ty6.png → /var/www/html/local/assets/assets/images/generated/home/mg9xjfr8q7pvqjnmb8lezy9iqbau5ty6.png
[2025-08-21 19:01:23] Created WebP: /var/www/html/local/assets/assets/images/generated/home/mg9xjfr8q7pvqjnmb8lezy9iqbau5ty6.webp
[2025-08-21 19:01:23] Copied: /upload/iblock/d3f/rqx2fo429fmrhbye3ufwksli8dlvrjx7.png → /var/www/html/local/assets/assets/images/generated/home/rqx2fo429fmrhbye3ufwksli8dlvrjx7.png
[2025-08-21 19:01:23] Created WebP: /var/www/html/local/assets/assets/images/generated/home/rqx2fo429fmrhbye3ufwksli8dlvrjx7.webp
[2025-08-21 19:01:23] Copied: /upload/iblock/c06/6p2knf3nte9dxzjk1pkz0bkmhzgkkl7b.png → /var/www/html/local/assets/assets/images/generated/home/6p2knf3nte9dxzjk1pkz0bkmhzgkkl7b.png
[2025-08-21 19:01:23] Created WebP: /var/www/html/local/assets/assets/images/generated/home/6p2knf3nte9dxzjk1pkz0bkmhzgkkl7b.webp
[2025-08-21 19:01:23] Copied: /upload/iblock/74e/x035z398078gbkjofmr319bbb0xxu7u4.png → /var/www/html/local/assets/assets/images/generated/home/x035z398078gbkjofmr319bbb0xxu7u4.png
[2025-08-21 19:01:23] Created WebP: /var/www/html/local/assets/assets/images/generated/home/x035z398078gbkjofmr319bbb0xxu7u4.webp
[2025-08-21 19:01:23] Iblock 'home' (ID 6): 6 images processed.
[2025-08-21 19:01:23] ===== Sync finished =====
[2025-08-27 09:27:36] ===== Sync started for iblock type 'content' =====
[2025-08-27 09:27:36] Iblock 'infrastructure' (ID 1): 0 images processed.
[2025-08-27 09:27:36] Iblock 'location' (ID 2): 0 images processed.
[2025-08-27 09:27:36] Iblock 'villas' (ID 3): 0 images processed.
[2025-08-27 09:27:36] Copied: /upload/iblock/3c4/odb3w6plw5powzxy6j4ghjkicgf6gzey.jpg → /var/www/html/local/assets/assets/images/generated/muttiGuide/odb3w6plw5powzxy6j4ghjkicgf6gzey.jpg
[2025-08-27 09:27:36] Created WebP: /var/www/html/local/assets/assets/images/generated/muttiGuide/odb3w6plw5powzxy6j4ghjkicgf6gzey.webp
[2025-08-27 09:27:36] Copied: /upload/iblock/390/so0rzk744agdt9dij3nqcmyldccm3fj2.jpg → /var/www/html/local/assets/assets/images/generated/muttiGuide/so0rzk744agdt9dij3nqcmyldccm3fj2.jpg
[2025-08-27 09:27:36] Created WebP: /var/www/html/local/assets/assets/images/generated/muttiGuide/so0rzk744agdt9dij3nqcmyldccm3fj2.webp
[2025-08-27 09:27:36] Copied: /upload/iblock/35c/u4j3135zij76qj1qbee46tovdga7ig2z.jpg → /var/www/html/local/assets/assets/images/generated/muttiGuide/u4j3135zij76qj1qbee46tovdga7ig2z.jpg
[2025-08-27 09:27:36] Created WebP: /var/www/html/local/assets/assets/images/generated/muttiGuide/u4j3135zij76qj1qbee46tovdga7ig2z.webp
[2025-08-27 09:27:36] Copied: /upload/iblock/e12/1lphso30w0o0wkt2s86lyhuhf9rklq1l.jpg → /var/www/html/local/assets/assets/images/generated/muttiGuide/1lphso30w0o0wkt2s86lyhuhf9rklq1l.jpg
[2025-08-27 09:27:37] Created WebP: /var/www/html/local/assets/assets/images/generated/muttiGuide/1lphso30w0o0wkt2s86lyhuhf9rklq1l.webp
[2025-08-27 09:27:37] Copied: /upload/iblock/bec/bpkasp5fp15uwuat52w4mhx0szx48mdv.jpg → /var/www/html/local/assets/assets/images/generated/muttiGuide/bpkasp5fp15uwuat52w4mhx0szx48mdv.jpg
[2025-08-27 09:27:37] Created WebP: /var/www/html/local/assets/assets/images/generated/muttiGuide/bpkasp5fp15uwuat52w4mhx0szx48mdv.webp
[2025-08-27 09:27:37] Copied: /upload/iblock/b88/w11z0z78wi3ipk9edgnhktu13ivtewwv.jpg → /var/www/html/local/assets/assets/images/generated/muttiGuide/w11z0z78wi3ipk9edgnhktu13ivtewwv.jpg
[2025-08-27 09:27:37] Created WebP: /var/www/html/local/assets/assets/images/generated/muttiGuide/w11z0z78wi3ipk9edgnhktu13ivtewwv.webp
[2025-08-27 09:27:37] Copied: /upload/iblock/1bc/3f0y4y620i499rbktc3i97iqg61dsfxe.jpg → /var/www/html/local/assets/assets/images/generated/muttiGuide/3f0y4y620i499rbktc3i97iqg61dsfxe.jpg
[2025-08-27 09:27:37] Created WebP: /var/www/html/local/assets/assets/images/generated/muttiGuide/3f0y4y620i499rbktc3i97iqg61dsfxe.webp
[2025-08-27 09:27:37] Copied: /upload/iblock/d8c/5anp5l5lvgfosbcnypz9fk4qgfyen3ye.jpg → /var/www/html/local/assets/assets/images/generated/muttiGuide/5anp5l5lvgfosbcnypz9fk4qgfyen3ye.jpg
[2025-08-27 09:27:37] Created WebP: /var/www/html/local/assets/assets/images/generated/muttiGuide/5anp5l5lvgfosbcnypz9fk4qgfyen3ye.webp
[2025-08-27 09:27:37] Copied: /upload/iblock/96f/mfbzhm86pvd70j3m0a70cm089hppv0kx.jpg → /var/www/html/local/assets/assets/images/generated/muttiGuide/mfbzhm86pvd70j3m0a70cm089hppv0kx.jpg
[2025-08-27 09:27:37] Created WebP: /var/www/html/local/assets/assets/images/generated/muttiGuide/mfbzhm86pvd70j3m0a70cm089hppv0kx.webp
[2025-08-27 09:27:37] Copied: /upload/iblock/0d0/kc4ar83qvmqsnkitfx3c6nujtad0mbru.jpg → /var/www/html/local/assets/assets/images/generated/muttiGuide/kc4ar83qvmqsnkitfx3c6nujtad0mbru.jpg
[2025-08-27 09:27:37] Created WebP: /var/www/html/local/assets/assets/images/generated/muttiGuide/kc4ar83qvmqsnkitfx3c6nujtad0mbru.webp
[2025-08-27 09:27:37] Copied: /upload/iblock/6d9/vl3t0m241u3eepc5wbciofggl0qstuvw.jpg → /var/www/html/local/assets/assets/images/generated/muttiGuide/vl3t0m241u3eepc5wbciofggl0qstuvw.jpg
[2025-08-27 09:27:37] Created WebP: /var/www/html/local/assets/assets/images/generated/muttiGuide/vl3t0m241u3eepc5wbciofggl0qstuvw.webp
[2025-08-27 09:27:37] Iblock 'muttiGuide' (ID 4): 12 images processed.
[2025-08-27 09:27:37] Iblock 'about' (ID 5): 0 images processed.
[2025-08-27 09:27:37] Copied: /upload/iblock/260/vov5ga5x47p5tm47zghhlbjjyjmz9n89.png → /var/www/html/local/assets/assets/images/generated/home/vov5ga5x47p5tm47zghhlbjjyjmz9n89.png
[2025-08-27 09:27:37] Created WebP: /var/www/html/local/assets/assets/images/generated/home/vov5ga5x47p5tm47zghhlbjjyjmz9n89.webp
[2025-08-27 09:27:37] Copied: /upload/iblock/cc3/es0fgh5222xz500uicv1ms9wwg13e5py.png → /var/www/html/local/assets/assets/images/generated/home/es0fgh5222xz500uicv1ms9wwg13e5py.png
[2025-08-27 09:27:37] Created WebP: /var/www/html/local/assets/assets/images/generated/home/es0fgh5222xz500uicv1ms9wwg13e5py.webp
[2025-08-27 09:27:37] Copied: /upload/iblock/84c/mg9xjfr8q7pvqjnmb8lezy9iqbau5ty6.png → /var/www/html/local/assets/assets/images/generated/home/mg9xjfr8q7pvqjnmb8lezy9iqbau5ty6.png
[2025-08-27 09:27:37] Created WebP: /var/www/html/local/assets/assets/images/generated/home/mg9xjfr8q7pvqjnmb8lezy9iqbau5ty6.webp
[2025-08-27 09:27:37] Copied: /upload/iblock/d3f/rqx2fo429fmrhbye3ufwksli8dlvrjx7.png → /var/www/html/local/assets/assets/images/generated/home/rqx2fo429fmrhbye3ufwksli8dlvrjx7.png
[2025-08-27 09:27:37] Created WebP: /var/www/html/local/assets/assets/images/generated/home/rqx2fo429fmrhbye3ufwksli8dlvrjx7.webp
[2025-08-27 09:27:37] Copied: /upload/iblock/c06/6p2knf3nte9dxzjk1pkz0bkmhzgkkl7b.png → /var/www/html/local/assets/assets/images/generated/home/6p2knf3nte9dxzjk1pkz0bkmhzgkkl7b.png
[2025-08-27 09:27:37] Created WebP: /var/www/html/local/assets/assets/images/generated/home/6p2knf3nte9dxzjk1pkz0bkmhzgkkl7b.webp
[2025-08-27 09:27:38] Copied: /upload/iblock/74e/x035z398078gbkjofmr319bbb0xxu7u4.png → /var/www/html/local/assets/assets/images/generated/home/x035z398078gbkjofmr319bbb0xxu7u4.png
[2025-08-27 09:27:38] Created WebP: /var/www/html/local/assets/assets/images/generated/home/x035z398078gbkjofmr319bbb0xxu7u4.webp
[2025-08-27 09:27:38] Iblock 'home' (ID 6): 6 images processed.
[2025-08-27 09:27:38] ===== Sync finished =====
[2025-09-04 20:12:30] ===== Sync started for iblock type 'content' =====
[2025-09-04 20:12:30] Iblock 'infrastructure' (ID 1): 0 images processed.
[2025-09-04 20:12:30] Iblock 'location' (ID 2): 0 images processed.
[2025-09-04 20:12:30] Iblock 'villas' (ID 3): 0 images processed.
[2025-09-04 20:12:30] Copied: /upload/iblock/3c4/odb3w6plw5powzxy6j4ghjkicgf6gzey.jpg → /var/www/html/local/assets/assets/images/generated/muttiGuide/odb3w6plw5powzxy6j4ghjkicgf6gzey.jpg
[2025-09-04 20:12:30] Created WebP: /var/www/html/local/assets/assets/images/generated/muttiGuide/odb3w6plw5powzxy6j4ghjkicgf6gzey.webp
[2025-09-04 20:12:30] Copied: /upload/iblock/390/so0rzk744agdt9dij3nqcmyldccm3fj2.jpg → /var/www/html/local/assets/assets/images/generated/muttiGuide/so0rzk744agdt9dij3nqcmyldccm3fj2.jpg
[2025-09-04 20:12:30] Created WebP: /var/www/html/local/assets/assets/images/generated/muttiGuide/so0rzk744agdt9dij3nqcmyldccm3fj2.webp
[2025-09-04 20:12:30] Copied: /upload/iblock/35c/u4j3135zij76qj1qbee46tovdga7ig2z.jpg → /var/www/html/local/assets/assets/images/generated/muttiGuide/u4j3135zij76qj1qbee46tovdga7ig2z.jpg
[2025-09-04 20:12:30] Created WebP: /var/www/html/local/assets/assets/images/generated/muttiGuide/u4j3135zij76qj1qbee46tovdga7ig2z.webp
[2025-09-04 20:12:30] Copied: /upload/iblock/e12/1lphso30w0o0wkt2s86lyhuhf9rklq1l.jpg → /var/www/html/local/assets/assets/images/generated/muttiGuide/1lphso30w0o0wkt2s86lyhuhf9rklq1l.jpg
[2025-09-04 20:12:31] Created WebP: /var/www/html/local/assets/assets/images/generated/muttiGuide/1lphso30w0o0wkt2s86lyhuhf9rklq1l.webp
[2025-09-04 20:12:31] Copied: /upload/iblock/bec/bpkasp5fp15uwuat52w4mhx0szx48mdv.jpg → /var/www/html/local/assets/assets/images/generated/muttiGuide/bpkasp5fp15uwuat52w4mhx0szx48mdv.jpg
[2025-09-04 20:12:31] Created WebP: /var/www/html/local/assets/assets/images/generated/muttiGuide/bpkasp5fp15uwuat52w4mhx0szx48mdv.webp
[2025-09-04 20:12:31] Copied: /upload/iblock/b88/w11z0z78wi3ipk9edgnhktu13ivtewwv.jpg → /var/www/html/local/assets/assets/images/generated/muttiGuide/w11z0z78wi3ipk9edgnhktu13ivtewwv.jpg
[2025-09-04 20:12:31] Created WebP: /var/www/html/local/assets/assets/images/generated/muttiGuide/w11z0z78wi3ipk9edgnhktu13ivtewwv.webp
[2025-09-04 20:12:31] Copied: /upload/iblock/1bc/3f0y4y620i499rbktc3i97iqg61dsfxe.jpg → /var/www/html/local/assets/assets/images/generated/muttiGuide/3f0y4y620i499rbktc3i97iqg61dsfxe.jpg
[2025-09-04 20:12:31] Created WebP: /var/www/html/local/assets/assets/images/generated/muttiGuide/3f0y4y620i499rbktc3i97iqg61dsfxe.webp
[2025-09-04 20:12:31] Copied: /upload/iblock/d8c/5anp5l5lvgfosbcnypz9fk4qgfyen3ye.jpg → /var/www/html/local/assets/assets/images/generated/muttiGuide/5anp5l5lvgfosbcnypz9fk4qgfyen3ye.jpg
[2025-09-04 20:12:31] Created WebP: /var/www/html/local/assets/assets/images/generated/muttiGuide/5anp5l5lvgfosbcnypz9fk4qgfyen3ye.webp
[2025-09-04 20:12:31] Copied: /upload/iblock/96f/mfbzhm86pvd70j3m0a70cm089hppv0kx.jpg → /var/www/html/local/assets/assets/images/generated/muttiGuide/mfbzhm86pvd70j3m0a70cm089hppv0kx.jpg
[2025-09-04 20:12:31] Created WebP: /var/www/html/local/assets/assets/images/generated/muttiGuide/mfbzhm86pvd70j3m0a70cm089hppv0kx.webp
[2025-09-04 20:12:31] Iblock 'muttiGuide' (ID 4): 10 images processed.
[2025-09-04 20:12:31] Iblock 'about' (ID 5): 0 images processed.
[2025-09-04 20:12:31] Copied: /upload/iblock/260/vov5ga5x47p5tm47zghhlbjjyjmz9n89.png → /var/www/html/local/assets/assets/images/generated/home/vov5ga5x47p5tm47zghhlbjjyjmz9n89.png
[2025-09-04 20:12:31] Created WebP: /var/www/html/local/assets/assets/images/generated/home/vov5ga5x47p5tm47zghhlbjjyjmz9n89.webp
[2025-09-04 20:12:31] Copied: /upload/iblock/cc3/es0fgh5222xz500uicv1ms9wwg13e5py.png → /var/www/html/local/assets/assets/images/generated/home/es0fgh5222xz500uicv1ms9wwg13e5py.png
[2025-09-04 20:12:31] Created WebP: /var/www/html/local/assets/assets/images/generated/home/es0fgh5222xz500uicv1ms9wwg13e5py.webp
[2025-09-04 20:12:31] Copied: /upload/iblock/84c/mg9xjfr8q7pvqjnmb8lezy9iqbau5ty6.png → /var/www/html/local/assets/assets/images/generated/home/mg9xjfr8q7pvqjnmb8lezy9iqbau5ty6.png
[2025-09-04 20:12:31] Created WebP: /var/www/html/local/assets/assets/images/generated/home/mg9xjfr8q7pvqjnmb8lezy9iqbau5ty6.webp
[2025-09-04 20:12:31] Copied: /upload/iblock/d3f/rqx2fo429fmrhbye3ufwksli8dlvrjx7.png → /var/www/html/local/assets/assets/images/generated/home/rqx2fo429fmrhbye3ufwksli8dlvrjx7.png
[2025-09-04 20:12:31] Created WebP: /var/www/html/local/assets/assets/images/generated/home/rqx2fo429fmrhbye3ufwksli8dlvrjx7.webp
[2025-09-04 20:12:31] Copied: /upload/iblock/c06/6p2knf3nte9dxzjk1pkz0bkmhzgkkl7b.png → /var/www/html/local/assets/assets/images/generated/home/6p2knf3nte9dxzjk1pkz0bkmhzgkkl7b.png
[2025-09-04 20:12:32] Created WebP: /var/www/html/local/assets/assets/images/generated/home/6p2knf3nte9dxzjk1pkz0bkmhzgkkl7b.webp
[2025-09-04 20:12:32] Copied: /upload/iblock/74e/x035z398078gbkjofmr319bbb0xxu7u4.png → /var/www/html/local/assets/assets/images/generated/home/x035z398078gbkjofmr319bbb0xxu7u4.png
[2025-09-04 20:12:32] Created WebP: /var/www/html/local/assets/assets/images/generated/home/x035z398078gbkjofmr319bbb0xxu7u4.webp
[2025-09-04 20:12:32] Iblock 'home' (ID 6): 6 images processed.
[2025-09-04 20:12:32] ===== Sync finished =====
[2025-09-04 20:13:37] ===== Sync started for iblock type 'content' =====
[2025-09-04 20:13:37] Iblock 'infrastructure' (ID 1): 0 images processed.
[2025-09-04 20:13:37] Iblock 'location' (ID 2): 0 images processed.
[2025-09-04 20:13:37] Iblock 'villas' (ID 3): 0 images processed.
[2025-09-04 20:13:37] Copied: /upload/iblock/3c4/odb3w6plw5powzxy6j4ghjkicgf6gzey.jpg → /var/www/html/local/assets/assets/images/generated/muttiGuide/odb3w6plw5powzxy6j4ghjkicgf6gzey.jpg
[2025-09-04 20:13:37] Created WebP: /var/www/html/local/assets/assets/images/generated/muttiGuide/odb3w6plw5powzxy6j4ghjkicgf6gzey.webp
[2025-09-04 20:13:37] Copied: /upload/iblock/390/so0rzk744agdt9dij3nqcmyldccm3fj2.jpg → /var/www/html/local/assets/assets/images/generated/muttiGuide/so0rzk744agdt9dij3nqcmyldccm3fj2.jpg
[2025-09-04 20:13:37] Created WebP: /var/www/html/local/assets/assets/images/generated/muttiGuide/so0rzk744agdt9dij3nqcmyldccm3fj2.webp
[2025-09-04 20:13:37] Copied: /upload/iblock/35c/u4j3135zij76qj1qbee46tovdga7ig2z.jpg → /var/www/html/local/assets/assets/images/generated/muttiGuide/u4j3135zij76qj1qbee46tovdga7ig2z.jpg
[2025-09-04 20:13:37] Created WebP: /var/www/html/local/assets/assets/images/generated/muttiGuide/u4j3135zij76qj1qbee46tovdga7ig2z.webp
[2025-09-04 20:13:37] Copied: /upload/iblock/e12/1lphso30w0o0wkt2s86lyhuhf9rklq1l.jpg → /var/www/html/local/assets/assets/images/generated/muttiGuide/1lphso30w0o0wkt2s86lyhuhf9rklq1l.jpg
[2025-09-04 20:13:37] Created WebP: /var/www/html/local/assets/assets/images/generated/muttiGuide/1lphso30w0o0wkt2s86lyhuhf9rklq1l.webp
[2025-09-04 20:13:37] Copied: /upload/iblock/bec/bpkasp5fp15uwuat52w4mhx0szx48mdv.jpg → /var/www/html/local/assets/assets/images/generated/muttiGuide/bpkasp5fp15uwuat52w4mhx0szx48mdv.jpg
[2025-09-04 20:13:37] Created WebP: /var/www/html/local/assets/assets/images/generated/muttiGuide/bpkasp5fp15uwuat52w4mhx0szx48mdv.webp
[2025-09-04 20:13:37] Copied: /upload/iblock/b88/w11z0z78wi3ipk9edgnhktu13ivtewwv.jpg → /var/www/html/local/assets/assets/images/generated/muttiGuide/w11z0z78wi3ipk9edgnhktu13ivtewwv.jpg
[2025-09-04 20:13:37] Created WebP: /var/www/html/local/assets/assets/images/generated/muttiGuide/w11z0z78wi3ipk9edgnhktu13ivtewwv.webp
[2025-09-04 20:13:37] Copied: /upload/iblock/1bc/3f0y4y620i499rbktc3i97iqg61dsfxe.jpg → /var/www/html/local/assets/assets/images/generated/muttiGuide/3f0y4y620i499rbktc3i97iqg61dsfxe.jpg
[2025-09-04 20:13:38] Created WebP: /var/www/html/local/assets/assets/images/generated/muttiGuide/3f0y4y620i499rbktc3i97iqg61dsfxe.webp
[2025-09-04 20:13:38] Copied: /upload/iblock/d8c/5anp5l5lvgfosbcnypz9fk4qgfyen3ye.jpg → /var/www/html/local/assets/assets/images/generated/muttiGuide/5anp5l5lvgfosbcnypz9fk4qgfyen3ye.jpg
[2025-09-04 20:13:38] Created WebP: /var/www/html/local/assets/assets/images/generated/muttiGuide/5anp5l5lvgfosbcnypz9fk4qgfyen3ye.webp
[2025-09-04 20:13:38] Copied: /upload/iblock/96f/mfbzhm86pvd70j3m0a70cm089hppv0kx.jpg → /var/www/html/local/assets/assets/images/generated/muttiGuide/mfbzhm86pvd70j3m0a70cm089hppv0kx.jpg
[2025-09-04 20:13:38] Created WebP: /var/www/html/local/assets/assets/images/generated/muttiGuide/mfbzhm86pvd70j3m0a70cm089hppv0kx.webp
[2025-09-04 20:13:38] Iblock 'muttiGuide' (ID 4): 10 images processed.
[2025-09-04 20:13:38] Iblock 'about' (ID 5): 0 images processed.
[2025-09-04 20:13:38] Copied: /upload/iblock/260/vov5ga5x47p5tm47zghhlbjjyjmz9n89.png → /var/www/html/local/assets/assets/images/generated/home/vov5ga5x47p5tm47zghhlbjjyjmz9n89.png
[2025-09-04 20:13:38] Created WebP: /var/www/html/local/assets/assets/images/generated/home/vov5ga5x47p5tm47zghhlbjjyjmz9n89.webp
[2025-09-04 20:13:38] Copied: /upload/iblock/cc3/es0fgh5222xz500uicv1ms9wwg13e5py.png → /var/www/html/local/assets/assets/images/generated/home/es0fgh5222xz500uicv1ms9wwg13e5py.png
[2025-09-04 20:13:38] Created WebP: /var/www/html/local/assets/assets/images/generated/home/es0fgh5222xz500uicv1ms9wwg13e5py.webp
[2025-09-04 20:13:38] Copied: /upload/iblock/84c/mg9xjfr8q7pvqjnmb8lezy9iqbau5ty6.png → /var/www/html/local/assets/assets/images/generated/home/mg9xjfr8q7pvqjnmb8lezy9iqbau5ty6.png
[2025-09-04 20:13:38] Created WebP: /var/www/html/local/assets/assets/images/generated/home/mg9xjfr8q7pvqjnmb8lezy9iqbau5ty6.webp
[2025-09-04 20:13:38] Copied: /upload/iblock/d3f/rqx2fo429fmrhbye3ufwksli8dlvrjx7.png → /var/www/html/local/assets/assets/images/generated/home/rqx2fo429fmrhbye3ufwksli8dlvrjx7.png
[2025-09-04 20:13:38] Created WebP: /var/www/html/local/assets/assets/images/generated/home/rqx2fo429fmrhbye3ufwksli8dlvrjx7.webp
[2025-09-04 20:13:38] Copied: /upload/iblock/c06/6p2knf3nte9dxzjk1pkz0bkmhzgkkl7b.png → /var/www/html/local/assets/assets/images/generated/home/6p2knf3nte9dxzjk1pkz0bkmhzgkkl7b.png
[2025-09-04 20:13:38] Created WebP: /var/www/html/local/assets/assets/images/generated/home/6p2knf3nte9dxzjk1pkz0bkmhzgkkl7b.webp
[2025-09-04 20:13:38] Copied: /upload/iblock/74e/x035z398078gbkjofmr319bbb0xxu7u4.png → /var/www/html/local/assets/assets/images/generated/home/x035z398078gbkjofmr319bbb0xxu7u4.png
[2025-09-04 20:13:38] Created WebP: /var/www/html/local/assets/assets/images/generated/home/x035z398078gbkjofmr319bbb0xxu7u4.webp
[2025-09-04 20:13:38] Iblock 'home' (ID 6): 6 images processed.
[2025-09-04 20:13:38] ===== Sync finished =====
[2025-09-12 19:31:08] ===== Sync started for iblock type 'content' =====
[2025-09-12 19:31:08] Iblock 'infrastructure' (ID 1): 0 images processed.
[2025-09-12 19:31:08] Iblock 'location' (ID 2): 0 images processed.
[2025-09-12 19:31:08] Iblock 'villas' (ID 3): 0 images processed.
[2025-09-12 19:31:08] Copied: /upload/iblock/3c4/odb3w6plw5powzxy6j4ghjkicgf6gzey.jpg → /var/www/html/local/assets/assets/images/generated/muttiGuide/odb3w6plw5powzxy6j4ghjkicgf6gzey.jpg
[2025-09-12 19:31:08] Created WebP: /var/www/html/local/assets/assets/images/generated/muttiGuide/odb3w6plw5powzxy6j4ghjkicgf6gzey.webp
[2025-09-12 19:31:08] Copied: /upload/iblock/390/so0rzk744agdt9dij3nqcmyldccm3fj2.jpg → /var/www/html/local/assets/assets/images/generated/muttiGuide/so0rzk744agdt9dij3nqcmyldccm3fj2.jpg
[2025-09-12 19:31:08] Created WebP: /var/www/html/local/assets/assets/images/generated/muttiGuide/so0rzk744agdt9dij3nqcmyldccm3fj2.webp
[2025-09-12 19:31:08] Copied: /upload/iblock/35c/u4j3135zij76qj1qbee46tovdga7ig2z.jpg → /var/www/html/local/assets/assets/images/generated/muttiGuide/u4j3135zij76qj1qbee46tovdga7ig2z.jpg
[2025-09-12 19:31:08] Created WebP: /var/www/html/local/assets/assets/images/generated/muttiGuide/u4j3135zij76qj1qbee46tovdga7ig2z.webp
[2025-09-12 19:31:08] Copied: /upload/iblock/e12/1lphso30w0o0wkt2s86lyhuhf9rklq1l.jpg → /var/www/html/local/assets/assets/images/generated/muttiGuide/1lphso30w0o0wkt2s86lyhuhf9rklq1l.jpg
[2025-09-12 19:31:09] Created WebP: /var/www/html/local/assets/assets/images/generated/muttiGuide/1lphso30w0o0wkt2s86lyhuhf9rklq1l.webp
[2025-09-12 19:31:09] Copied: /upload/iblock/bec/bpkasp5fp15uwuat52w4mhx0szx48mdv.jpg → /var/www/html/local/assets/assets/images/generated/muttiGuide/bpkasp5fp15uwuat52w4mhx0szx48mdv.jpg
[2025-09-12 19:31:09] Created WebP: /var/www/html/local/assets/assets/images/generated/muttiGuide/bpkasp5fp15uwuat52w4mhx0szx48mdv.webp
[2025-09-12 19:31:09] Copied: /upload/iblock/b88/w11z0z78wi3ipk9edgnhktu13ivtewwv.jpg → /var/www/html/local/assets/assets/images/generated/muttiGuide/w11z0z78wi3ipk9edgnhktu13ivtewwv.jpg
[2025-09-12 19:31:09] Created WebP: /var/www/html/local/assets/assets/images/generated/muttiGuide/w11z0z78wi3ipk9edgnhktu13ivtewwv.webp
[2025-09-12 19:31:09] Copied: /upload/iblock/1bc/3f0y4y620i499rbktc3i97iqg61dsfxe.jpg → /var/www/html/local/assets/assets/images/generated/muttiGuide/3f0y4y620i499rbktc3i97iqg61dsfxe.jpg
[2025-09-12 19:31:09] Created WebP: /var/www/html/local/assets/assets/images/generated/muttiGuide/3f0y4y620i499rbktc3i97iqg61dsfxe.webp
[2025-09-12 19:31:09] Copied: /upload/iblock/d8c/5anp5l5lvgfosbcnypz9fk4qgfyen3ye.jpg → /var/www/html/local/assets/assets/images/generated/muttiGuide/5anp5l5lvgfosbcnypz9fk4qgfyen3ye.jpg
[2025-09-12 19:31:09] Created WebP: /var/www/html/local/assets/assets/images/generated/muttiGuide/5anp5l5lvgfosbcnypz9fk4qgfyen3ye.webp
[2025-09-12 19:31:09] Copied: /upload/iblock/96f/mfbzhm86pvd70j3m0a70cm089hppv0kx.jpg → /var/www/html/local/assets/assets/images/generated/muttiGuide/mfbzhm86pvd70j3m0a70cm089hppv0kx.jpg
[2025-09-12 19:31:10] Created WebP: /var/www/html/local/assets/assets/images/generated/muttiGuide/mfbzhm86pvd70j3m0a70cm089hppv0kx.webp
[2025-09-12 19:31:10] Iblock 'muttiGuide' (ID 4): 10 images processed.
[2025-09-12 19:31:10] Iblock 'about' (ID 5): 0 images processed.
[2025-09-12 19:31:10] Copied: /upload/iblock/260/vov5ga5x47p5tm47zghhlbjjyjmz9n89.png → /var/www/html/local/assets/assets/images/generated/home/vov5ga5x47p5tm47zghhlbjjyjmz9n89.png
[2025-09-12 19:31:10] Created WebP: /var/www/html/local/assets/assets/images/generated/home/vov5ga5x47p5tm47zghhlbjjyjmz9n89.webp
[2025-09-12 19:31:10] Copied: /upload/iblock/cc3/es0fgh5222xz500uicv1ms9wwg13e5py.png → /var/www/html/local/assets/assets/images/generated/home/es0fgh5222xz500uicv1ms9wwg13e5py.png
[2025-09-12 19:31:10] Created WebP: /var/www/html/local/assets/assets/images/generated/home/es0fgh5222xz500uicv1ms9wwg13e5py.webp
[2025-09-12 19:31:10] Copied: /upload/iblock/84c/mg9xjfr8q7pvqjnmb8lezy9iqbau5ty6.png → /var/www/html/local/assets/assets/images/generated/home/mg9xjfr8q7pvqjnmb8lezy9iqbau5ty6.png
[2025-09-12 19:31:10] Created WebP: /var/www/html/local/assets/assets/images/generated/home/mg9xjfr8q7pvqjnmb8lezy9iqbau5ty6.webp
[2025-09-12 19:31:10] Copied: /upload/iblock/d3f/rqx2fo429fmrhbye3ufwksli8dlvrjx7.png → /var/www/html/local/assets/assets/images/generated/home/rqx2fo429fmrhbye3ufwksli8dlvrjx7.png
[2025-09-12 19:31:10] Created WebP: /var/www/html/local/assets/assets/images/generated/home/rqx2fo429fmrhbye3ufwksli8dlvrjx7.webp
[2025-09-12 19:31:10] Copied: /upload/iblock/c06/6p2knf3nte9dxzjk1pkz0bkmhzgkkl7b.png → /var/www/html/local/assets/assets/images/generated/home/6p2knf3nte9dxzjk1pkz0bkmhzgkkl7b.png
[2025-09-12 19:31:10] Created WebP: /var/www/html/local/assets/assets/images/generated/home/6p2knf3nte9dxzjk1pkz0bkmhzgkkl7b.webp
[2025-09-12 19:31:10] Copied: /upload/iblock/74e/x035z398078gbkjofmr319bbb0xxu7u4.png → /var/www/html/local/assets/assets/images/generated/home/x035z398078gbkjofmr319bbb0xxu7u4.png
[2025-09-12 19:31:10] Created WebP: /var/www/html/local/assets/assets/images/generated/home/x035z398078gbkjofmr319bbb0xxu7u4.webp
[2025-09-12 19:31:10] Iblock 'home' (ID 6): 6 images processed.
[2025-09-12 19:31:10] ===== Sync finished =====
[2025-09-19 18:47:32] ===== Sync started for iblock type 'content' =====
[2025-09-19 18:47:32] Iblock 'infrastructure' (ID 1): 0 images processed.
[2025-09-19 18:47:32] Iblock 'location' (ID 2): 0 images processed.
[2025-09-19 18:47:32] Iblock 'villas' (ID 3): 0 images processed.
[2025-09-19 18:47:32] Copied: /upload/iblock/3c4/odb3w6plw5powzxy6j4ghjkicgf6gzey.jpg → /var/www/html/local/assets/assets/images/generated/muttiGuide/odb3w6plw5powzxy6j4ghjkicgf6gzey.jpg
[2025-09-19 18:47:32] Created WebP: /var/www/html/local/assets/assets/images/generated/muttiGuide/odb3w6plw5powzxy6j4ghjkicgf6gzey.webp
[2025-09-19 18:47:32] Copied: /upload/iblock/390/so0rzk744agdt9dij3nqcmyldccm3fj2.jpg → /var/www/html/local/assets/assets/images/generated/muttiGuide/so0rzk744agdt9dij3nqcmyldccm3fj2.jpg
[2025-09-19 18:47:32] Created WebP: /var/www/html/local/assets/assets/images/generated/muttiGuide/so0rzk744agdt9dij3nqcmyldccm3fj2.webp
[2025-09-19 18:47:32] Copied: /upload/iblock/35c/u4j3135zij76qj1qbee46tovdga7ig2z.jpg → /var/www/html/local/assets/assets/images/generated/muttiGuide/u4j3135zij76qj1qbee46tovdga7ig2z.jpg
[2025-09-19 18:47:32] Created WebP: /var/www/html/local/assets/assets/images/generated/muttiGuide/u4j3135zij76qj1qbee46tovdga7ig2z.webp
[2025-09-19 18:47:32] Copied: /upload/iblock/e12/1lphso30w0o0wkt2s86lyhuhf9rklq1l.jpg → /var/www/html/local/assets/assets/images/generated/muttiGuide/1lphso30w0o0wkt2s86lyhuhf9rklq1l.jpg
[2025-09-19 18:47:33] Created WebP: /var/www/html/local/assets/assets/images/generated/muttiGuide/1lphso30w0o0wkt2s86lyhuhf9rklq1l.webp
[2025-09-19 18:47:33] Copied: /upload/iblock/bec/bpkasp5fp15uwuat52w4mhx0szx48mdv.jpg → /var/www/html/local/assets/assets/images/generated/muttiGuide/bpkasp5fp15uwuat52w4mhx0szx48mdv.jpg
[2025-09-19 18:47:33] Created WebP: /var/www/html/local/assets/assets/images/generated/muttiGuide/bpkasp5fp15uwuat52w4mhx0szx48mdv.webp
[2025-09-19 18:47:33] Copied: /upload/iblock/b88/w11z0z78wi3ipk9edgnhktu13ivtewwv.jpg → /var/www/html/local/assets/assets/images/generated/muttiGuide/w11z0z78wi3ipk9edgnhktu13ivtewwv.jpg
[2025-09-19 18:47:33] Created WebP: /var/www/html/local/assets/assets/images/generated/muttiGuide/w11z0z78wi3ipk9edgnhktu13ivtewwv.webp
[2025-09-19 18:47:33] Copied: /upload/iblock/1bc/3f0y4y620i499rbktc3i97iqg61dsfxe.jpg → /var/www/html/local/assets/assets/images/generated/muttiGuide/3f0y4y620i499rbktc3i97iqg61dsfxe.jpg
[2025-09-19 18:47:33] Created WebP: /var/www/html/local/assets/assets/images/generated/muttiGuide/3f0y4y620i499rbktc3i97iqg61dsfxe.webp
[2025-09-19 18:47:33] Copied: /upload/iblock/d8c/5anp5l5lvgfosbcnypz9fk4qgfyen3ye.jpg → /var/www/html/local/assets/assets/images/generated/muttiGuide/5anp5l5lvgfosbcnypz9fk4qgfyen3ye.jpg
[2025-09-19 18:47:33] Created WebP: /var/www/html/local/assets/assets/images/generated/muttiGuide/5anp5l5lvgfosbcnypz9fk4qgfyen3ye.webp
[2025-09-19 18:47:33] Copied: /upload/iblock/96f/mfbzhm86pvd70j3m0a70cm089hppv0kx.jpg → /var/www/html/local/assets/assets/images/generated/muttiGuide/mfbzhm86pvd70j3m0a70cm089hppv0kx.jpg
[2025-09-19 18:47:34] Created WebP: /var/www/html/local/assets/assets/images/generated/muttiGuide/mfbzhm86pvd70j3m0a70cm089hppv0kx.webp
[2025-09-19 18:47:34] Copied: /upload/iblock/b7b/o5h5xrvm5jj2k5nlk0cdah9alpk3lmdy.jpg → /var/www/html/local/assets/assets/images/generated/muttiGuide/o5h5xrvm5jj2k5nlk0cdah9alpk3lmdy.jpg
[2025-09-19 18:47:34] Created WebP: /var/www/html/local/assets/assets/images/generated/muttiGuide/o5h5xrvm5jj2k5nlk0cdah9alpk3lmdy.webp
[2025-09-19 18:47:34] Copied: /upload/iblock/48b/r98tgkk3ldawe3o3foobsty129kgiv5f.jpg → /var/www/html/local/assets/assets/images/generated/muttiGuide/r98tgkk3ldawe3o3foobsty129kgiv5f.jpg
[2025-09-19 18:47:34] Created WebP: /var/www/html/local/assets/assets/images/generated/muttiGuide/r98tgkk3ldawe3o3foobsty129kgiv5f.webp
[2025-09-19 18:47:34] Copied: /upload/iblock/e89/0h9q2g56dph3xf87bika1tj62dlzqoss.jpg → /var/www/html/local/assets/assets/images/generated/muttiGuide/0h9q2g56dph3xf87bika1tj62dlzqoss.jpg
[2025-09-19 18:47:34] Created WebP: /var/www/html/local/assets/assets/images/generated/muttiGuide/0h9q2g56dph3xf87bika1tj62dlzqoss.webp
[2025-09-19 18:47:34] Iblock 'muttiGuide' (ID 4): 16 images processed.
[2025-09-19 18:47:34] Iblock 'about' (ID 5): 0 images processed.
[2025-09-19 18:47:34] Copied: /upload/iblock/260/vov5ga5x47p5tm47zghhlbjjyjmz9n89.png → /var/www/html/local/assets/assets/images/generated/home/vov5ga5x47p5tm47zghhlbjjyjmz9n89.png
[2025-09-19 18:47:34] Created WebP: /var/www/html/local/assets/assets/images/generated/home/vov5ga5x47p5tm47zghhlbjjyjmz9n89.webp
[2025-09-19 18:47:34] Copied: /upload/iblock/cc3/es0fgh5222xz500uicv1ms9wwg13e5py.png → /var/www/html/local/assets/assets/images/generated/home/es0fgh5222xz500uicv1ms9wwg13e5py.png
[2025-09-19 18:47:34] Created WebP: /var/www/html/local/assets/assets/images/generated/home/es0fgh5222xz500uicv1ms9wwg13e5py.webp
[2025-09-19 18:47:34] Copied: /upload/iblock/84c/mg9xjfr8q7pvqjnmb8lezy9iqbau5ty6.png → /var/www/html/local/assets/assets/images/generated/home/mg9xjfr8q7pvqjnmb8lezy9iqbau5ty6.png
[2025-09-19 18:47:34] Created WebP: /var/www/html/local/assets/assets/images/generated/home/mg9xjfr8q7pvqjnmb8lezy9iqbau5ty6.webp
[2025-09-19 18:47:34] Copied: /upload/iblock/d3f/rqx2fo429fmrhbye3ufwksli8dlvrjx7.png → /var/www/html/local/assets/assets/images/generated/home/rqx2fo429fmrhbye3ufwksli8dlvrjx7.png
[2025-09-19 18:47:34] Created WebP: /var/www/html/local/assets/assets/images/generated/home/rqx2fo429fmrhbye3ufwksli8dlvrjx7.webp
[2025-09-19 18:47:34] Copied: /upload/iblock/c06/6p2knf3nte9dxzjk1pkz0bkmhzgkkl7b.png → /var/www/html/local/assets/assets/images/generated/home/6p2knf3nte9dxzjk1pkz0bkmhzgkkl7b.png
[2025-09-19 18:47:34] Created WebP: /var/www/html/local/assets/assets/images/generated/home/6p2knf3nte9dxzjk1pkz0bkmhzgkkl7b.webp
[2025-09-19 18:47:34] Copied: /upload/iblock/74e/x035z398078gbkjofmr319bbb0xxu7u4.png → /var/www/html/local/assets/assets/images/generated/home/x035z398078gbkjofmr319bbb0xxu7u4.png
[2025-09-19 18:47:34] Created WebP: /var/www/html/local/assets/assets/images/generated/home/x035z398078gbkjofmr319bbb0xxu7u4.webp
[2025-09-19 18:47:34] Iblock 'home' (ID 6): 6 images processed.
[2025-09-19 18:47:34] ===== Sync finished =====
[2025-09-21 12:43:06] ===== Sync started for iblock type 'content' =====
[2025-09-21 12:43:06] Iblock 'infrastructure' (ID 1): 0 images processed.
[2025-09-21 12:43:06] Iblock 'location' (ID 2): 0 images processed.
[2025-09-21 12:43:06] Iblock 'villas' (ID 3): 0 images processed.
[2025-09-21 12:43:06] Copied: /upload/iblock/3c4/odb3w6plw5powzxy6j4ghjkicgf6gzey.jpg → /var/www/html/local/assets/assets/images/generated/muttiGuide/odb3w6plw5powzxy6j4ghjkicgf6gzey.jpg
[2025-09-21 12:43:07] Created WebP: /var/www/html/local/assets/assets/images/generated/muttiGuide/odb3w6plw5powzxy6j4ghjkicgf6gzey.webp
[2025-09-21 12:43:07] Copied: /upload/iblock/390/so0rzk744agdt9dij3nqcmyldccm3fj2.jpg → /var/www/html/local/assets/assets/images/generated/muttiGuide/so0rzk744agdt9dij3nqcmyldccm3fj2.jpg
[2025-09-21 12:43:07] Created WebP: /var/www/html/local/assets/assets/images/generated/muttiGuide/so0rzk744agdt9dij3nqcmyldccm3fj2.webp
[2025-09-21 12:43:07] Copied: /upload/iblock/35c/u4j3135zij76qj1qbee46tovdga7ig2z.jpg → /var/www/html/local/assets/assets/images/generated/muttiGuide/u4j3135zij76qj1qbee46tovdga7ig2z.jpg
[2025-09-21 12:43:07] Created WebP: /var/www/html/local/assets/assets/images/generated/muttiGuide/u4j3135zij76qj1qbee46tovdga7ig2z.webp
[2025-09-21 12:43:07] Copied: /upload/iblock/e12/1lphso30w0o0wkt2s86lyhuhf9rklq1l.jpg → /var/www/html/local/assets/assets/images/generated/muttiGuide/1lphso30w0o0wkt2s86lyhuhf9rklq1l.jpg
[2025-09-21 12:43:07] Created WebP: /var/www/html/local/assets/assets/images/generated/muttiGuide/1lphso30w0o0wkt2s86lyhuhf9rklq1l.webp
[2025-09-21 12:43:07] Copied: /upload/iblock/bec/bpkasp5fp15uwuat52w4mhx0szx48mdv.jpg → /var/www/html/local/assets/assets/images/generated/muttiGuide/bpkasp5fp15uwuat52w4mhx0szx48mdv.jpg
[2025-09-21 12:43:07] Created WebP: /var/www/html/local/assets/assets/images/generated/muttiGuide/bpkasp5fp15uwuat52w4mhx0szx48mdv.webp
[2025-09-21 12:43:07] Copied: /upload/iblock/b88/w11z0z78wi3ipk9edgnhktu13ivtewwv.jpg → /var/www/html/local/assets/assets/images/generated/muttiGuide/w11z0z78wi3ipk9edgnhktu13ivtewwv.jpg
[2025-09-21 12:43:07] Created WebP: /var/www/html/local/assets/assets/images/generated/muttiGuide/w11z0z78wi3ipk9edgnhktu13ivtewwv.webp
[2025-09-21 12:43:07] Copied: /upload/iblock/1bc/3f0y4y620i499rbktc3i97iqg61dsfxe.jpg → /var/www/html/local/assets/assets/images/generated/muttiGuide/3f0y4y620i499rbktc3i97iqg61dsfxe.jpg
[2025-09-21 12:43:08] Created WebP: /var/www/html/local/assets/assets/images/generated/muttiGuide/3f0y4y620i499rbktc3i97iqg61dsfxe.webp
[2025-09-21 12:43:08] Copied: /upload/iblock/d8c/5anp5l5lvgfosbcnypz9fk4qgfyen3ye.jpg → /var/www/html/local/assets/assets/images/generated/muttiGuide/5anp5l5lvgfosbcnypz9fk4qgfyen3ye.jpg
[2025-09-21 12:43:08] Created WebP: /var/www/html/local/assets/assets/images/generated/muttiGuide/5anp5l5lvgfosbcnypz9fk4qgfyen3ye.webp
[2025-09-21 12:43:08] Copied: /upload/iblock/96f/mfbzhm86pvd70j3m0a70cm089hppv0kx.jpg → /var/www/html/local/assets/assets/images/generated/muttiGuide/mfbzhm86pvd70j3m0a70cm089hppv0kx.jpg
[2025-09-21 12:43:08] Created WebP: /var/www/html/local/assets/assets/images/generated/muttiGuide/mfbzhm86pvd70j3m0a70cm089hppv0kx.webp
[2025-09-21 12:43:08] Iblock 'muttiGuide' (ID 4): 10 images processed.
[2025-09-21 12:43:08] Iblock 'about' (ID 5): 0 images processed.
[2025-09-21 12:43:08] Copied: /upload/iblock/260/vov5ga5x47p5tm47zghhlbjjyjmz9n89.png → /var/www/html/local/assets/assets/images/generated/home/vov5ga5x47p5tm47zghhlbjjyjmz9n89.png
[2025-09-21 12:43:08] Created WebP: /var/www/html/local/assets/assets/images/generated/home/vov5ga5x47p5tm47zghhlbjjyjmz9n89.webp
[2025-09-21 12:43:08] Copied: /upload/iblock/cc3/es0fgh5222xz500uicv1ms9wwg13e5py.png → /var/www/html/local/assets/assets/images/generated/home/es0fgh5222xz500uicv1ms9wwg13e5py.png
[2025-09-21 12:43:08] Created WebP: /var/www/html/local/assets/assets/images/generated/home/es0fgh5222xz500uicv1ms9wwg13e5py.webp
[2025-09-21 12:43:08] Copied: /upload/iblock/84c/mg9xjfr8q7pvqjnmb8lezy9iqbau5ty6.png → /var/www/html/local/assets/assets/images/generated/home/mg9xjfr8q7pvqjnmb8lezy9iqbau5ty6.png
[2025-09-21 12:43:08] Created WebP: /var/www/html/local/assets/assets/images/generated/home/mg9xjfr8q7pvqjnmb8lezy9iqbau5ty6.webp
[2025-09-21 12:43:08] Copied: /upload/iblock/d3f/rqx2fo429fmrhbye3ufwksli8dlvrjx7.png → /var/www/html/local/assets/assets/images/generated/home/rqx2fo429fmrhbye3ufwksli8dlvrjx7.png
[2025-09-21 12:43:08] Created WebP: /var/www/html/local/assets/assets/images/generated/home/rqx2fo429fmrhbye3ufwksli8dlvrjx7.webp
[2025-09-21 12:43:08] Copied: /upload/iblock/c06/6p2knf3nte9dxzjk1pkz0bkmhzgkkl7b.png → /var/www/html/local/assets/assets/images/generated/home/6p2knf3nte9dxzjk1pkz0bkmhzgkkl7b.png
[2025-09-21 12:43:08] Created WebP: /var/www/html/local/assets/assets/images/generated/home/6p2knf3nte9dxzjk1pkz0bkmhzgkkl7b.webp
[2025-09-21 12:43:08] Copied: /upload/iblock/74e/x035z398078gbkjofmr319bbb0xxu7u4.png → /var/www/html/local/assets/assets/images/generated/home/x035z398078gbkjofmr319bbb0xxu7u4.png
[2025-09-21 12:43:08] Created WebP: /var/www/html/local/assets/assets/images/generated/home/x035z398078gbkjofmr319bbb0xxu7u4.webp
[2025-09-21 12:43:08] Iblock 'home' (ID 6): 6 images processed.
[2025-09-21 12:43:08] ===== Sync finished =====
[2025-09-25 21:57:09] ===== Sync started for iblock type 'content' =====
[2025-09-25 21:57:09] Iblock 'infrastructure' (ID 1): 0 images processed.
[2025-09-25 21:57:09] Iblock 'location' (ID 2): 0 images processed.
[2025-09-25 21:57:09] Iblock 'villas' (ID 3): 0 images processed.
[2025-09-25 21:57:09] Copied: /upload/iblock/3c4/odb3w6plw5powzxy6j4ghjkicgf6gzey.jpg → /var/www/html/local/assets/assets/images/generated/muttiGuide/odb3w6plw5powzxy6j4ghjkicgf6gzey.jpg
[2025-09-25 21:57:09] Created WebP: /var/www/html/local/assets/assets/images/generated/muttiGuide/odb3w6plw5powzxy6j4ghjkicgf6gzey.webp
[2025-09-25 21:57:09] Copied: /upload/iblock/390/so0rzk744agdt9dij3nqcmyldccm3fj2.jpg → /var/www/html/local/assets/assets/images/generated/muttiGuide/so0rzk744agdt9dij3nqcmyldccm3fj2.jpg
[2025-09-25 21:57:09] Created WebP: /var/www/html/local/assets/assets/images/generated/muttiGuide/so0rzk744agdt9dij3nqcmyldccm3fj2.webp
[2025-09-25 21:57:09] Copied: /upload/iblock/35c/u4j3135zij76qj1qbee46tovdga7ig2z.jpg → /var/www/html/local/assets/assets/images/generated/muttiGuide/u4j3135zij76qj1qbee46tovdga7ig2z.jpg
[2025-09-25 21:57:09] Created WebP: /var/www/html/local/assets/assets/images/generated/muttiGuide/u4j3135zij76qj1qbee46tovdga7ig2z.webp
[2025-09-25 21:57:09] Copied: /upload/iblock/e12/1lphso30w0o0wkt2s86lyhuhf9rklq1l.jpg → /var/www/html/local/assets/assets/images/generated/muttiGuide/1lphso30w0o0wkt2s86lyhuhf9rklq1l.jpg
[2025-09-25 21:57:10] Created WebP: /var/www/html/local/assets/assets/images/generated/muttiGuide/1lphso30w0o0wkt2s86lyhuhf9rklq1l.webp
[2025-09-25 21:57:10] Copied: /upload/iblock/bec/bpkasp5fp15uwuat52w4mhx0szx48mdv.jpg → /var/www/html/local/assets/assets/images/generated/muttiGuide/bpkasp5fp15uwuat52w4mhx0szx48mdv.jpg
[2025-09-25 21:57:10] Created WebP: /var/www/html/local/assets/assets/images/generated/muttiGuide/bpkasp5fp15uwuat52w4mhx0szx48mdv.webp
[2025-09-25 21:57:10] Copied: /upload/iblock/b88/w11z0z78wi3ipk9edgnhktu13ivtewwv.jpg → /var/www/html/local/assets/assets/images/generated/muttiGuide/w11z0z78wi3ipk9edgnhktu13ivtewwv.jpg
[2025-09-25 21:57:10] Created WebP: /var/www/html/local/assets/assets/images/generated/muttiGuide/w11z0z78wi3ipk9edgnhktu13ivtewwv.webp
[2025-09-25 21:57:10] Copied: /upload/iblock/1bc/3f0y4y620i499rbktc3i97iqg61dsfxe.jpg → /var/www/html/local/assets/assets/images/generated/muttiGuide/3f0y4y620i499rbktc3i97iqg61dsfxe.jpg
[2025-09-25 21:57:10] Created WebP: /var/www/html/local/assets/assets/images/generated/muttiGuide/3f0y4y620i499rbktc3i97iqg61dsfxe.webp
[2025-09-25 21:57:10] Copied: /upload/iblock/d8c/5anp5l5lvgfosbcnypz9fk4qgfyen3ye.jpg → /var/www/html/local/assets/assets/images/generated/muttiGuide/5anp5l5lvgfosbcnypz9fk4qgfyen3ye.jpg
[2025-09-25 21:57:11] Created WebP: /var/www/html/local/assets/assets/images/generated/muttiGuide/5anp5l5lvgfosbcnypz9fk4qgfyen3ye.webp
[2025-09-25 21:57:11] Copied: /upload/iblock/96f/mfbzhm86pvd70j3m0a70cm089hppv0kx.jpg → /var/www/html/local/assets/assets/images/generated/muttiGuide/mfbzhm86pvd70j3m0a70cm089hppv0kx.jpg
[2025-09-25 21:57:11] Created WebP: /var/www/html/local/assets/assets/images/generated/muttiGuide/mfbzhm86pvd70j3m0a70cm089hppv0kx.webp
[2025-09-25 21:57:11] Copied: /upload/iblock/b7b/o5h5xrvm5jj2k5nlk0cdah9alpk3lmdy.jpg → /var/www/html/local/assets/assets/images/generated/muttiGuide/o5h5xrvm5jj2k5nlk0cdah9alpk3lmdy.jpg
[2025-09-25 21:57:11] Created WebP: /var/www/html/local/assets/assets/images/generated/muttiGuide/o5h5xrvm5jj2k5nlk0cdah9alpk3lmdy.webp
[2025-09-25 21:57:11] Copied: /upload/iblock/48b/r98tgkk3ldawe3o3foobsty129kgiv5f.jpg → /var/www/html/local/assets/assets/images/generated/muttiGuide/r98tgkk3ldawe3o3foobsty129kgiv5f.jpg
[2025-09-25 21:57:11] Created WebP: /var/www/html/local/assets/assets/images/generated/muttiGuide/r98tgkk3ldawe3o3foobsty129kgiv5f.webp
[2025-09-25 21:57:11] Copied: /upload/iblock/e89/0h9q2g56dph3xf87bika1tj62dlzqoss.jpg → /var/www/html/local/assets/assets/images/generated/muttiGuide/0h9q2g56dph3xf87bika1tj62dlzqoss.jpg
[2025-09-25 21:57:11] Created WebP: /var/www/html/local/assets/assets/images/generated/muttiGuide/0h9q2g56dph3xf87bika1tj62dlzqoss.webp
[2025-09-25 21:57:11] Iblock 'muttiGuide' (ID 4): 16 images processed.
[2025-09-25 21:57:11] Iblock 'about' (ID 5): 0 images processed.
[2025-09-25 21:57:11] Copied: /upload/iblock/260/vov5ga5x47p5tm47zghhlbjjyjmz9n89.png → /var/www/html/local/assets/assets/images/generated/home/vov5ga5x47p5tm47zghhlbjjyjmz9n89.png
[2025-09-25 21:57:11] Created WebP: /var/www/html/local/assets/assets/images/generated/home/vov5ga5x47p5tm47zghhlbjjyjmz9n89.webp
[2025-09-25 21:57:11] Copied: /upload/iblock/cc3/es0fgh5222xz500uicv1ms9wwg13e5py.png → /var/www/html/local/assets/assets/images/generated/home/es0fgh5222xz500uicv1ms9wwg13e5py.png
[2025-09-25 21:57:11] Created WebP: /var/www/html/local/assets/assets/images/generated/home/es0fgh5222xz500uicv1ms9wwg13e5py.webp
[2025-09-25 21:57:11] Copied: /upload/iblock/84c/mg9xjfr8q7pvqjnmb8lezy9iqbau5ty6.png → /var/www/html/local/assets/assets/images/generated/home/mg9xjfr8q7pvqjnmb8lezy9iqbau5ty6.png
[2025-09-25 21:57:11] Created WebP: /var/www/html/local/assets/assets/images/generated/home/mg9xjfr8q7pvqjnmb8lezy9iqbau5ty6.webp
[2025-09-25 21:57:11] Copied: /upload/iblock/d3f/rqx2fo429fmrhbye3ufwksli8dlvrjx7.png → /var/www/html/local/assets/assets/images/generated/home/rqx2fo429fmrhbye3ufwksli8dlvrjx7.png
[2025-09-25 21:57:11] Created WebP: /var/www/html/local/assets/assets/images/generated/home/rqx2fo429fmrhbye3ufwksli8dlvrjx7.webp
[2025-09-25 21:57:11] Copied: /upload/iblock/c06/6p2knf3nte9dxzjk1pkz0bkmhzgkkl7b.png → /var/www/html/local/assets/assets/images/generated/home/6p2knf3nte9dxzjk1pkz0bkmhzgkkl7b.png
[2025-09-25 21:57:11] Created WebP: /var/www/html/local/assets/assets/images/generated/home/6p2knf3nte9dxzjk1pkz0bkmhzgkkl7b.webp
[2025-09-25 21:57:11] Copied: /upload/iblock/74e/x035z398078gbkjofmr319bbb0xxu7u4.png → /var/www/html/local/assets/assets/images/generated/home/x035z398078gbkjofmr319bbb0xxu7u4.png
[2025-09-25 21:57:11] Created WebP: /var/www/html/local/assets/assets/images/generated/home/x035z398078gbkjofmr319bbb0xxu7u4.webp
[2025-09-25 21:57:11] Iblock 'home' (ID 6): 6 images processed.
[2025-09-25 21:57:11] ===== Sync finished =====
